Component: ARM Compiler 5.06 update 6 (build 750) Tool: armlink [4d35ed]

==============================================================================

Section Cross References

    startup_stm32f103xb.o(RESET) refers to startup_stm32f103xb.o(STACK) for __initial_sp
    startup_stm32f103xb.o(RESET) refers to startup_stm32f103xb.o(.text) for Reset_Handler
    startup_stm32f103xb.o(RESET) refers to stm32f1xx_it.o(i.NMI_Handler) for NMI_Handler
    startup_stm32f103xb.o(RESET) refers to stm32f1xx_it.o(i.HardFault_Handler) for HardFault_Handler
    startup_stm32f103xb.o(RESET) refers to stm32f1xx_it.o(i.MemManage_Handler) for MemManage_Handler
    startup_stm32f103xb.o(RESET) refers to stm32f1xx_it.o(i.BusFault_Handler) for BusFault_Handler
    startup_stm32f103xb.o(RESET) refers to stm32f1xx_it.o(i.UsageFault_Handler) for UsageFault_Handler
    startup_stm32f103xb.o(RESET) refers to stm32f1xx_it.o(i.SVC_Handler) for SVC_Handler
    startup_stm32f103xb.o(RESET) refers to stm32f1xx_it.o(i.DebugMon_Handler) for DebugMon_Handler
    startup_stm32f103xb.o(RESET) refers to stm32f1xx_it.o(i.PendSV_Handler) for PendSV_Handler
    startup_stm32f103xb.o(RESET) refers to stm32f1xx_it.o(i.SysTick_Handler) for SysTick_Handler
    startup_stm32f103xb.o(RESET) refers to stm32f1xx_it.o(i.EXTI0_IRQHandler) for EXTI0_IRQHandler
    startup_stm32f103xb.o(RESET) refers to stm32f1xx_it.o(i.EXTI1_IRQHandler) for EXTI1_IRQHandler
    startup_stm32f103xb.o(RESET) refers to stm32f1xx_it.o(i.TIM4_IRQHandler) for TIM4_IRQHandler
    startup_stm32f103xb.o(RESET) refers to stm32f1xx_it.o(i.USART1_IRQHandler) for USART1_IRQHandler
    startup_stm32f103xb.o(RESET) refers to stm32f1xx_it.o(i.USART2_IRQHandler) for USART2_IRQHandler
    startup_stm32f103xb.o(.text) refers to system_stm32f1xx.o(i.SystemInit) for SystemInit
    startup_stm32f103xb.o(.text) refers to entry.o(.ARM.Collect$$$$00000000) for __main
    main.o(i.HAL_GPIO_EXTI_Callback) refers to stm32f1xx_hal_gpio.o(i.HAL_GPIO_ReadPin) for HAL_GPIO_ReadPin
    main.o(i.HAL_GPIO_EXTI_Callback) refers to printf1.o(i.__0sprintf$1) for __2sprintf
    main.o(i.HAL_GPIO_EXTI_Callback) refers to main.o(.bss) for .bss
    main.o(i.HAL_GPIO_EXTI_Callback) refers to main.o(.data) for .data
    main.o(i.HAL_TIM_PeriodElapsedCallback) refers to stm32f1xx_hal_uart.o(i.HAL_UART_Transmit_IT) for HAL_UART_Transmit_IT
    main.o(i.HAL_TIM_PeriodElapsedCallback) refers to main.o(.data) for .data
    main.o(i.HAL_TIM_PeriodElapsedCallback) refers to main.o(.bss) for .bss
    main.o(i.HAL_UART_RxCpltCallback) refers to stm32f1xx_hal_uart.o(i.HAL_UART_Receive_IT) for HAL_UART_Receive_IT
    main.o(i.HAL_UART_RxCpltCallback) refers to main.o(.data) for .data
    main.o(i.HAL_UART_RxCpltCallback) refers to main.o(.bss) for .bss
    main.o(i.MX_GPIO_Init) refers to stm32f1xx_hal_gpio.o(i.HAL_GPIO_WritePin) for HAL_GPIO_WritePin
    main.o(i.MX_GPIO_Init) refers to stm32f1xx_hal_gpio.o(i.HAL_GPIO_Init) for HAL_GPIO_Init
    main.o(i.MX_GPIO_Init) refers to stm32f1xx_hal_cortex.o(i.HAL_NVIC_SetPriority) for HAL_NVIC_SetPriority
    main.o(i.MX_GPIO_Init) refers to stm32f1xx_hal_cortex.o(i.HAL_NVIC_EnableIRQ) for HAL_NVIC_EnableIRQ
    main.o(i.MX_TIM4_Init) refers to stm32f1xx_hal_tim.o(i.HAL_TIM_Base_Init) for HAL_TIM_Base_Init
    main.o(i.MX_TIM4_Init) refers to stm32f1xx_hal_tim.o(i.HAL_TIM_ConfigClockSource) for HAL_TIM_ConfigClockSource
    main.o(i.MX_TIM4_Init) refers to stm32f1xx_hal_tim_ex.o(i.HAL_TIMEx_MasterConfigSynchronization) for HAL_TIMEx_MasterConfigSynchronization
    main.o(i.MX_TIM4_Init) refers to main.o(.bss) for .bss
    main.o(i.MoveBase) refers to stm32f1xx_hal_gpio.o(i.HAL_GPIO_WritePin) for HAL_GPIO_WritePin
    main.o(i.MoveBase) refers to stm32f1xx_hal.o(i.HAL_Delay) for HAL_Delay
    main.o(i.MoveBase) refers to stm32f1xx_hal_i2c.o(i.HAL_I2C_Master_Transmit) for HAL_I2C_Master_Transmit
    main.o(i.MoveBase) refers to main.o(.data) for .data
    main.o(i.MoveBase) refers to main.o(.bss) for .bss
    main.o(i.SystemClock_Config) refers to memseta.o(.text) for __aeabi_memclr4
    main.o(i.SystemClock_Config) refers to stm32f1xx_hal_rcc.o(i.HAL_RCC_OscConfig) for HAL_RCC_OscConfig
    main.o(i.SystemClock_Config) refers to stm32f1xx_hal_rcc.o(i.HAL_RCC_ClockConfig) for HAL_RCC_ClockConfig
    main.o(i.extractNumSigned) refers to main.o(.constdata) for .constdata
    main.o(i.extractSpeedSigned) refers to strtof.o(i.strtof) for strtof
    main.o(i.extractSpeedSigned) refers to ffixi.o(.text) for __aeabi_f2iz
    main.o(i.joystickToDiff) refers to dflti.o(.text) for __aeabi_i2d
    main.o(i.joystickToDiff) refers to sqrt.o(i.sqrt) for sqrt
    main.o(i.joystickToDiff) refers to d2f.o(.text) for __aeabi_d2f
    main.o(i.joystickToDiff) refers to fflti.o(.text) for __aeabi_i2f
    main.o(i.joystickToDiff) refers to fdiv.o(.text) for __aeabi_fdiv
    main.o(i.joystickToDiff) refers to f2d.o(.text) for __aeabi_f2d
[...]
    Removing stm32f1xx_hal_uart.o(i.HAL_UART_AbortReceive), (88 bytes).
    Removing stm32f1xx_hal_uart.o(i.HAL_UART_AbortReceiveCpltCallback), (2 bytes).
    Removing stm32f1xx_hal_uart.o(i.HAL_UART_AbortReceive_IT), (92 bytes).
    Removing stm32f1xx_hal_uart.o(i.HAL_UART_AbortTransmit), (78 bytes).
    Removing stm32f1xx_hal_uart.o(i.HAL_UART_AbortTransmitCpltCallback), (2 bytes).
    Removing stm32f1xx_hal_uart.o(i.HAL_UART_AbortTransmit_IT), (84 bytes).
    Removing stm32f1xx_hal_uart.o(i.HAL_UART_Abort_IT), (172 bytes).
    Removing stm32f1xx_hal_uart.o(i.HAL_UART_DMAPause), (102 bytes).
    Removing stm32f1xx_hal_uart.o(i.HAL_UART_DMAResume), (94 bytes).
    Removing stm32f1xx_hal_uart.o(i.HAL_UART_DMAStop), (88 bytes).
    Removing stm32f1xx_hal_uart.o(i.HAL_UART_DeInit), (50 bytes).
    Removing stm32f1xx_hal_uart.o(i.HAL_UART_GetError), (4 bytes).
    Removing stm32f1xx_hal_uart.o(i.HAL_UART_GetState), (10 bytes).
    Removing stm32f1xx_hal_uart.o(i.HAL_UART_MspDeInit), (2 bytes).
    Removing stm32f1xx_hal_uart.o(i.HAL_UART_MspInit), (2 bytes).
    Removing stm32f1xx_hal_uart.o(i.HAL_UART_Receive), (184 bytes).
    Removing stm32f1xx_hal_uart.o(i.HAL_UART_Receive_DMA), (152 bytes).
    Removing stm32f1xx_hal_uart.o(i.HAL_UART_RxCpltCallback), (2 bytes).
    Removing stm32f1xx_hal_uart.o(i.HAL_UART_RxHalfCpltCallback), (2 bytes).
    Removing stm32f1xx_hal_uart.o(i.HAL_UART_Transmit), (186 bytes).
    Removing stm32f1xx_hal_uart.o(i.HAL_UART_Transmit_DMA), (128 bytes).
    Removing stm32f1xx_hal_uart.o(i.HAL_UART_TxHalfCpltCallback), (2 bytes).
    Removing stm32f1xx_hal_uart.o(i.UART_DMAError), (74 bytes).
    Removing stm32f1xx_hal_uart.o(i.UART_DMAReceiveCplt), (60 bytes).
    Removing stm32f1xx_hal_uart.o(i.UART_DMARxAbortCallback), (42 bytes).
    Removing stm32f1xx_hal_uart.o(i.UART_DMARxHalfCplt), (10 bytes).
    Removing stm32f1xx_hal_uart.o(i.UART_DMARxOnlyAbortCallback), (20 bytes).
    Removing stm32f1xx_hal_uart.o(i.UART_DMATransmitCplt), (46 bytes).
    Removing stm32f1xx_hal_uart.o(i.UART_DMATxAbortCallback), (42 bytes).
    Removing stm32f1xx_hal_uart.o(i.UART_DMATxHalfCplt), (10 bytes).
    Removing stm32f1xx_hal_uart.o(i.UART_DMATxOnlyAbortCallback), (20 bytes).
    Removing stm32f1xx_hal_uart.o(i.UART_EndTxTransfer), (18 bytes).
    Removing stm32f1xx_hal_uart.o(i.UART_WaitOnFlagUntilTimeout), (100 bytes).
    Removing stm32f1xx_hal.o(.rev16_text), (4 bytes).
    Removing stm32f1xx_hal.o(.revsh_text), (4 bytes).
    Removing stm32f1xx_hal.o(.rrx_text), (6 bytes).
    Removing stm32f1xx_hal.o(i.HAL_DBGMCU_DisableDBGSleepMode), (16 bytes).
    Removing stm32f1xx_hal.o(i.HAL_DBGMCU_DisableDBGStandbyMode), (16 bytes).
    Removing stm32f1xx_hal.o(i.HAL_DBGMCU_DisableDBGStopMode), (16 bytes).
    Removing stm32f1xx_hal.o(i.HAL_DBGMCU_EnableDBGSleepMode), (16 bytes).
    Removing stm32f1xx_hal.o(i.HAL_DBGMCU_EnableDBGStandbyMode), (16 bytes).
    Removing stm32f1xx_hal.o(i.HAL_DBGMCU_EnableDBGStopMode), (16 bytes).
    Removing stm32f1xx_hal.o(i.HAL_DeInit), (32 bytes).
    Removing stm32f1xx_hal.o(i.HAL_GetDEVID), (16 bytes).
    Removing stm32f1xx_hal.o(i.HAL_GetHalVersion), (8 bytes).
    Removing stm32f1xx_hal.o(i.HAL_GetREVID), (12 bytes).
    Removing stm32f1xx_hal.o(i.HAL_GetTickFreq), (12 bytes).
    Removing stm32f1xx_hal.o(i.HAL_GetTickPrio), (12 bytes).
    Removing stm32f1xx_hal.o(i.HAL_GetUIDw0), (12 bytes).
    Removing stm32f1xx_hal.o(i.HAL_GetUIDw1), (12 bytes).
    Removing stm32f1xx_hal.o(i.HAL_GetUIDw2), (12 bytes).
    Removing stm32f1xx_hal.o(i.HAL_MspDeInit), (2 bytes).
    Removing stm32f1xx_hal.o(i.HAL_MspInit), (2 bytes).
    Removing stm32f1xx_hal.o(i.HAL_ResumeTick), (14 bytes).
    Removing stm32f1xx_hal.o(i.HAL_SetTickFreq), (32 bytes).
    Removing stm32f1xx_hal.o(i.HAL_SuspendTick), (14 bytes).
    Removing stm32f1xx_hal_rcc.o(.rev16_text), (4 bytes).
    Removing stm32f1xx_hal_rcc.o(.revsh_text), (4 bytes).
    Removing stm32f1xx_hal_rcc.o(.rrx_text), (6 bytes).
    Removing stm32f1xx_hal_rcc.o(i.HAL_RCC_CSSCallback), (2 bytes).
    Removing stm32f1xx_hal_rcc.o(i.HAL_RCC_DeInit), (220 bytes).
    Removing stm32f1xx_hal_rcc.o(i.HAL_RCC_DisableCSS), (12 bytes).
    Removing stm32f1xx_hal_rcc.o(i.HAL_RCC_EnableCSS), (12 bytes).
    Removing stm32f1xx_hal_rcc.o(i.HAL_RCC_GetClockConfig), (64 bytes).
    Removing stm32f1xx_hal_rcc.o(i.HAL_RCC_GetHCLKFreq), (12 bytes).
    Removing stm32f1xx_hal_rcc.o(i.HAL_RCC_GetOscConfig), (144 bytes).
    Removing stm32f1xx_hal_rcc.o(i.HAL_RCC_MCOConfig), (72 bytes).
    Removing stm32f1xx_hal_rcc.o(i.HAL_RCC_NMI_IRQHandler), (24 bytes).
    Removing stm32f1xx_hal_rcc_ex.o(.rev16_text), (4 bytes).
    Removing stm32f1xx_hal_rcc_ex.o(.revsh_text), (4 bytes).
    Removing stm32f1xx_hal_rcc_ex.o(.rrx_text), (6 bytes).
    Removing stm32f1xx_hal_rcc_ex.o(i.HAL_RCCEx_GetPeriphCLKConfig), (44 bytes).
    Removing stm32f1xx_hal_rcc_ex.o(i.HAL_RCCEx_GetPeriphCLKFreq), (200 bytes).
    Removing stm32f1xx_hal_rcc_ex.o(i.HAL_RCCEx_PeriphCLKConfig), (236 bytes).
    Removing stm32f1xx_hal_gpio.o(.rev16_text), (4 bytes).
    Removing stm32f1xx_hal_gpio.o(.revsh_text), (4 bytes).
    Removing stm32f1xx_hal_gpio.o(.rrx_text), (6 bytes).
    Removing stm32f1xx_hal_gpio.o(i.HAL_GPIO_DeInit), (252 bytes).
    Removing stm32f1xx_hal_gpio.o(i.HAL_GPIO_EXTI_Callback), (2 bytes).
    Removing stm32f1xx_hal_gpio.o(i.HAL_GPIO_LockPin), (34 bytes).
    Removing stm32f1xx_hal_gpio.o(i.HAL_GPIO_TogglePin), (14 bytes).
    Removing stm32f1xx_hal_dma.o(.rev16_text), (4 bytes).
    Removing stm32f1xx_hal_dma.o(.revsh_text), (4 bytes).
    Removing stm32f1xx_hal_dma.o(.rrx_text), (6 bytes).
    Removing stm32f1xx_hal_dma.o(i.DMA_SetConfig), (42 bytes).
    Removing stm32f1xx_hal_dma.o(i.HAL_DMA_Abort), (70 bytes).
    Removing stm32f1xx_hal_dma.o(i.HAL_DMA_DeInit), (92 bytes).
    Removing stm32f1xx_hal_dma.o(i.HAL_DMA_GetError), (4 bytes).
    Removing stm32f1xx_hal_dma.o(i.HAL_DMA_GetState), (6 bytes).
    Removing stm32f1xx_hal_dma.o(i.HAL_DMA_IRQHandler), (340 bytes).
    Removing stm32f1xx_hal_dma.o(i.HAL_DMA_Init), (92 bytes).
    Removing stm32f1xx_hal_dma.o(i.HAL_DMA_PollForTransfer), (532 bytes).
    Removing stm32f1xx_hal_dma.o(i.HAL_DMA_RegisterCallback), (74 bytes).
    Removing stm32f1xx_hal_dma.o(i.HAL_DMA_Start), (80 bytes).
    Removing stm32f1xx_hal_dma.o(i.HAL_DMA_Start_IT), (112 bytes).
    Removing stm32f1xx_hal_dma.o(i.HAL_DMA_UnRegisterCallback), (82 bytes).
    Removing stm32f1xx_hal_cortex.o(.rev16_text), (4 bytes).
    Removing stm32f1xx_hal_cortex.o(.revsh_text), (4 bytes).
    Removing stm32f1xx_hal_cortex.o(.rrx_text), (6 bytes).
    Removing stm32f1xx_hal_cortex.o(i.HAL_NVIC_ClearPendingIRQ), (26 bytes).
    Removing stm32f1xx_hal_cortex.o(i.HAL_NVIC_DisableIRQ), (34 bytes).
    Removing stm32f1xx_hal_cortex.o(i.HAL_NVIC_GetActive), (36 bytes).
    Removing stm32f1xx_hal_cortex.o(i.HAL_NVIC_GetPendingIRQ), (36 bytes).
    Removing stm32f1xx_hal_cortex.o(i.HAL_NVIC_GetPriority), (82 bytes).
    Removing stm32f1xx_hal_cortex.o(i.HAL_NVIC_GetPriorityGrouping), (16 bytes).
    Removing stm32f1xx_hal_cortex.o(i.HAL_NVIC_SetPendingIRQ), (26 bytes).
    Removing stm32f1xx_hal_cortex.o(i.HAL_NVIC_SystemReset), (36 bytes).
    Removing stm32f1xx_hal_cortex.o(i.HAL_SYSTICK_CLKSourceConfig), (24 bytes).
    Removing stm32f1xx_hal_cortex.o(i.HAL_SYSTICK_Callback), (2 bytes).
    Removing stm32f1xx_hal_cortex.o(i.HAL_SYSTICK_IRQHandler), (8 bytes).
    Removing stm32f1xx_hal_pwr.o(.rev16_text), (4 bytes).
    Removing stm32f1xx_hal_pwr.o(.revsh_text), (4 bytes).
    Removing stm32f1xx_hal_pwr.o(.rrx_text), (6 bytes).
    Removing stm32f1xx_hal_pwr.o(i.HAL_PWR_ConfigPVD), (124 bytes).
    Removing stm32f1xx_hal_pwr.o(i.HAL_PWR_DeInit), (24 bytes).
    Removing stm32f1xx_hal_pwr.o(i.HAL_PWR_DisableBkUpAccess), (12 bytes).
    Removing stm32f1xx_hal_pwr.o(i.HAL_PWR_DisablePVD), (12 bytes).
    Removing stm32f1xx_hal_pwr.o(i.HAL_PWR_DisableSEVOnPend), (16 bytes).
    Removing stm32f1xx_hal_pwr.o(i.HAL_PWR_DisableSleepOnExit), (16 bytes).
    Removing stm32f1xx_hal_pwr.o(i.HAL_PWR_DisableWakeUpPin), (28 bytes).
    Removing stm32f1xx_hal_pwr.o(i.HAL_PWR_EnableBkUpAccess), (12 bytes).
    Removing stm32f1xx_hal_pwr.o(i.HAL_PWR_EnablePVD), (12 bytes).
    Removing stm32f1xx_hal_pwr.o(i.HAL_PWR_EnableSEVOnPend), (16 bytes).
    Removing stm32f1xx_hal_pwr.o(i.HAL_PWR_EnableSleepOnExit), (16 bytes).
    Removing stm32f1xx_hal_pwr.o(i.HAL_PWR_EnableWakeUpPin), (28 bytes).
    Removing stm32f1xx_hal_pwr.o(i.HAL_PWR_EnterSLEEPMode), (32 bytes).
    Removing stm32f1xx_hal_pwr.o(i.HAL_PWR_EnterSTANDBYMode), (32 bytes).
    Removing stm32f1xx_hal_pwr.o(i.HAL_PWR_EnterSTOPMode), (68 bytes).
    Removing stm32f1xx_hal_pwr.o(i.HAL_PWR_PVDCallback), (2 bytes).
    Removing stm32f1xx_hal_pwr.o(i.HAL_PWR_PVD_IRQHandler), (28 bytes).
    Removing stm32f1xx_hal_pwr.o(i.PWR_OverloadWfe), (6 bytes).
    Removing stm32f1xx_hal_flash.o(.rev16_text), (4 bytes).
    Removing stm32f1xx_hal_flash.o(.revsh_text), (4 bytes).
    Removing stm32f1xx_hal_flash.o(.rrx_text), (6 bytes).
    Removing stm32f1xx_hal_flash.o(i.FLASH_Program_HalfWord), (28 bytes).
    Removing stm32f1xx_hal_flash.o(i.FLASH_SetErrorCode), (92 bytes).
    Removing stm32f1xx_hal_flash.o(i.FLASH_WaitForLastOperation), (84 bytes).
    Removing stm32f1xx_hal_flash.o(i.HAL_FLASH_EndOfOperationCallback), (2 bytes).
    Removing stm32f1xx_hal_flash.o(i.HAL_FLASH_GetError), (12 bytes).
    Removing stm32f1xx_hal_flash.o(i.HAL_FLASH_IRQHandler), (264 bytes).
    Removing stm32f1xx_hal_flash.o(i.HAL_FLASH_Lock), (20 bytes).
    Removing stm32f1xx_hal_flash.o(i.HAL_FLASH_OB_Launch), (4 bytes).
    Removing stm32f1xx_hal_flash.o(i.HAL_FLASH_OB_Lock), (20 bytes).
    Removing stm32f1xx_hal_flash.o(i.HAL_FLASH_OB_Unlock), (36 bytes).
    Removing stm32f1xx_hal_flash.o(i.HAL_FLASH_OperationErrorCallback), (2 bytes).
    Removing stm32f1xx_hal_flash.o(i.HAL_FLASH_Program), (128 bytes).
    Removing stm32f1xx_hal_flash.o(i.HAL_FLASH_Program_IT), (100 bytes).
    Removing stm32f1xx_hal_flash.o(i.HAL_FLASH_Unlock), (40 bytes).
    Removing stm32f1xx_hal_flash.o(.bss), (32 bytes).
    Removing stm32f1xx_hal_flash_ex.o(.rev16_text), (4 bytes).
    Removing stm32f1xx_hal_flash_ex.o(.revsh_text), (4 bytes).
    Removing stm32f1xx_hal_flash_ex.o(.rrx_text), (6 bytes).
    Removing stm32f1xx_hal_flash_ex.o(i.FLASH_MassErase), (36 bytes).
    Removing stm32f1xx_hal_flash_ex.o(i.FLASH_OB_DisableWRP), (176 bytes).
    Removing stm32f1xx_hal_flash_ex.o(i.FLASH_OB_EnableWRP), (176 bytes).
    Removing stm32f1xx_hal_flash_ex.o(i.FLASH_OB_GetRDP), (24 bytes).
    Removing stm32f1xx_hal_flash_ex.o(i.FLASH_OB_RDP_LevelConfig), (100 bytes).
    Removing stm32f1xx_hal_flash_ex.o(i.FLASH_PageErase), (36 bytes).
    Removing stm32f1xx_hal_flash_ex.o(i.HAL_FLASHEx_Erase), (168 bytes).
    Removing stm32f1xx_hal_flash_ex.o(i.HAL_FLASHEx_Erase_IT), (84 bytes).
    Removing stm32f1xx_hal_flash_ex.o(i.HAL_FLASHEx_OBErase), (84 bytes).
    Removing stm32f1xx_hal_flash_ex.o(i.HAL_FLASHEx_OBGetConfig), (36 bytes).
    Removing stm32f1xx_hal_flash_ex.o(i.HAL_FLASHEx_OBGetUserData), (32 bytes).
    Removing stm32f1xx_hal_flash_ex.o(i.HAL_FLASHEx_OBProgram), (200 bytes).
    Removing stm32f1xx_hal_exti.o(.rev16_text), (4 bytes).
    Removing stm32f1xx_hal_exti.o(.revsh_text), (4 bytes).
    Removing stm32f1xx_hal_exti.o(.rrx_text), (6 bytes).
    Removing stm32f1xx_hal_exti.o(i.HAL_EXTI_ClearConfigLine), (104 bytes).
    Removing stm32f1xx_hal_exti.o(i.HAL_EXTI_ClearPending), (20 bytes).
    Removing stm32f1xx_hal_exti.o(i.HAL_EXTI_GenerateSWI), (20 bytes).
    Removing stm32f1xx_hal_exti.o(i.HAL_EXTI_GetConfigLine), (152 bytes).
    Removing stm32f1xx_hal_exti.o(i.HAL_EXTI_GetHandle), (12 bytes).
    Removing stm32f1xx_hal_exti.o(i.HAL_EXTI_GetPending), (24 bytes).
    Removing stm32f1xx_hal_exti.o(i.HAL_EXTI_IRQHandler), (36 bytes).
    Removing stm32f1xx_hal_exti.o(i.HAL_EXTI_RegisterCallback), (14 bytes).
    Removing stm32f1xx_hal_exti.o(i.HAL_EXTI_SetConfigLine), (164 bytes).
    Removing system_stm32f1xx.o(.rev16_text), (4 bytes).
    Removing system_stm32f1xx.o(.revsh_text), (4 bytes).
    Removing system_stm32f1xx.o(.rrx_text), (6 bytes).
    Removing system_stm32f1xx.o(i.SystemCoreClockUpdate), (104 bytes).
    Removing fadd.o(.text), (176 bytes).
    Removing fmul.o(.text), (100 bytes).
    Removing fdiv.o(.text), (124 bytes).
    Removing fscalb.o(.text), (24 bytes).
    Removing dflti.o(.text), (34 bytes).
    Removing f2d.o(.text), (38 bytes).
    Removing dadd.o(.text), (334 bytes).
    Removing dsqrt.o(.text), (162 bytes).
    Removing drnd.o(.text), (136 bytes).
    Removing dfixul.o(.text), (48 bytes).

439 unused section(s) (total 34092 bytes) removed from the image.

==============================================================================

Image Symbol Table

    Local Symbols

    Symbol Name                              Value     Ov Type        Size  Object(Section)

    ../Drivers/STM32F1xx_HAL_Driver/Src/stm32f1xx_hal.c 0x00000000   Number         0  stm32f1xx_hal.o ABSOLUTE
    ../Drivers/STM32F1xx_HAL_Driver/Src/stm32f1xx_hal_cortex.c 0x00000000   Number         0  stm32f1xx_hal_cortex.o ABSOLUTE
    ../Drivers/STM32F1xx_HAL_Driver/Src/stm32f1xx_hal_dma.c 0x00000000   Number         0  stm32f1xx_hal_dma.o ABSOLUTE
    ../Drivers/STM32F1xx_HAL_Driver/Src/stm32f1xx_hal_exti.c 0x00000000   Number         0  stm32f1xx_hal_exti.o ABSOLUTE
    ../Drivers/STM32F1xx_HAL_Driver/Src/stm32f1xx_hal_flash.c 0x00000000   Number         0  stm32f1xx_hal_flash.o ABSOLUTE
    ../Drivers/STM32F1xx_HAL_Driver/Src/stm32f1xx_hal_flash_ex.c 0x00000000   Number         0  stm32f1xx_hal_flash_ex.o ABSOLUTE
    ../Drivers/STM32F1xx_HAL_Driver/Src/stm32f1xx_hal_gpio.c 0x00000000   Number         0  stm32f1xx_hal_gpio.o ABSOLUTE
    ../Drivers/STM32F1xx_HAL_Driver/Src/stm32f1xx_hal_gpio_ex.c 0x00000000   Number         0  stm32f1xx_hal_gpio_ex.o ABSOLUTE
    ../Drivers/STM32F1xx_HAL_Driver/Src/stm32f1xx_hal_i2c.c 0x00000000   Number         0  stm32f1xx_hal_i2c.o ABSOLUTE
    ../Drivers/STM32F1xx_HAL_Driver/Src/stm32f1xx_hal_pwr.c 0x00000000   Number         0  stm32f1xx_hal_pwr.o ABSOLUTE
    ../Drivers/STM32F1xx_HAL_Driver/Src/stm32f1xx_hal_rcc.c 0x00000000   Number         0  stm32f1xx_hal_rcc.o ABSOLUTE
    ../Drivers/STM32F1xx_HAL_Driver/Src/stm32f1xx_hal_rcc_ex.c 0x00000000   Number         0  stm32f1xx_hal_rcc_ex.o ABSOLUTE
    ../Drivers/STM32F1xx_HAL_Driver/Src/stm32f1xx_hal_tim.c 0x00000000   Number         0  stm32f1xx_hal_tim.o ABSOLUTE
    ../Drivers/STM32F1xx_HAL_Driver/Src/stm32f1xx_hal_tim_ex.c 0x00000000   Number         0  stm32f1xx_hal_tim_ex.o ABSOLUTE
    ../Drivers/STM32F1xx_HAL_Driver/Src/stm32f1xx_hal_uart.c 0x00000000   Number         0  stm32f1xx_hal_uart.o ABSOLUTE
    ../Src/main.c                            0x00000000   Number         0  main.o ABSOLUTE
    ../Src/stm32f1xx_hal_msp.c               0x00000000   Number         0  stm32f1xx_hal_msp.o ABSOLUTE
    ../Src/stm32f1xx_it.c                    0x00000000   Number         0  stm32f1xx_it.o ABSOLUTE
    ../Src/system_stm32f1xx.c                0x00000000   Number         0  system_stm32f1xx.o ABSOLUTE
    ../clib/microlib/ctype/ctype.c           0x00000000   Number         0  isspace_c.o ABSOLUTE
    ../clib/microlib/ctype/ctype.c           0x00000000   Number         0  ctype_c.o ABSOLUTE
    ../clib/microlib/division.c              0x00000000   Number         0  uldiv.o ABSOLUTE
    ../clib/microlib/division.c              0x00000000   Number         0  uidiv.o ABSOLUTE
    ../clib/microlib/errno.c                 0x00000000   Number         0  errno.o ABSOLUTE
    ../clib/microlib/init/entry.s            0x00000000   Number         0  entry11a.o ABSOLUTE
    ../clib/microlib/init/entry.s            0x00000000   Number         0  entry11b.o ABSOLUTE
    ../clib/microlib/init/entry.s            0x00000000   Number         0  entry.o ABSOLUTE
    ../clib/microlib/init/entry.s            0x00000000   Number         0  entry8b.o ABSOLUTE
    ../clib/microlib/init/entry.s            0x00000000   Number         0  entry2.o ABSOLUTE
    ../clib/microlib/init/entry.s            0x00000000   Number         0  entry5.o ABSOLUTE
    ../clib/microlib/init/entry.s            0x00000000   Number         0  entry7a.o ABSOLUTE
    ../clib/microlib/init/entry.s            0x00000000   Number         0  entry8a.o ABSOLUTE
    ../clib/microlib/init/entry.s            0x00000000   Number         0  entry7b.o ABSOLUTE
    ../clib/microlib/init/entry.s            0x00000000   Number         0  entry9a.o ABSOLUTE
    ../clib/microlib/init/entry.s            0x00000000   Number         0  entry9b.o ABSOLUTE
    ../clib/microlib/init/entry.s            0x00000000   Number         0  entry10a.o ABSOLUTE
    ../clib/microlib/init/entry.s            0x00000000   Number         0  entry10b.o ABSOLUTE
    ../clib/microlib/longlong.c              0x00000000   Number         0  llshl.o ABSOLUTE
    ../clib/microlib/longlong.c              0x00000000   Number         0  llushr.o ABSOLUTE
    ../clib/microlib/longlong.c              0x00000000   Number         0  llsshr.o ABSOLUTE
    ../clib/microlib/printf/printf.c         0x00000000   Number         0  printf2.o ABSOLUTE
    ../clib/microlib/printf/printf.c         0x00000000   Number         0  printf0.o ABSOLUTE
    ../clib/microlib/printf/printf.c         0x00000000   Number         0  printf6.o ABSOLUTE
    ../clib/microlib/printf/printf.c         0x00000000   Number         0  printfb.o ABSOLUTE
    ../clib/microlib/printf/printf.c         0x00000000   Number         0  printf7.o ABSOLUTE
    ../clib/microlib/printf/printf.c         0x00000000   Number         0  printf8.o ABSOLUTE
    ../clib/microlib/printf/printf.c         0x00000000   Number         0  printf5.o ABSOLUTE
    ../clib/microlib/printf/printf.c         0x00000000   Number         0  printfa.o ABSOLUTE
    ../clib/microlib/printf/printf.c         0x00000000   Number         0  printf1.o ABSOLUTE
    ../clib/microlib/printf/printf.c         0x00000000   Number         0  printf4.o ABSOLUTE
    ../clib/microlib/printf/printf.c         0x00000000   Number         0  printf3.o ABSOLUTE
    ../clib/microlib/printf/stubs.s          0x00000000   Number         0  stubs.o ABSOLUTE
    ../clib/microlib/stdio/fputc.c           0x00000000   Number         0  fputc.o ABSOLUTE
    ../clib/microlib/stdio/semi.s            0x00000000   Number         0  semi.o ABSOLUTE
    ../clib/microlib/stdio/streams.c         0x00000000   Number         0  stdout.o ABSOLUTE
    ../clib/microlib/string/memset.c         0x00000000   Number         0  memseta.o ABSOLUTE
    ../clib/microlib/stubs.s                 0x00000000   Number         0  iusefp.o ABSOLUTE
    ../clib/microlib/stubs.s                 0x00000000   Number         0  iusesemip.o ABSOLUTE
    ../clib/scanf.c                          0x00000000   Number         0  strtod.o ABSOLUTE
    ../clib/scanf.c                          0x00000000   Number         0  strtof.o ABSOLUTE
    ../clib/scanf.c                          0x00000000   Number         0  scanf_fp.o ABSOLUTE
    ../clib/scanf.c                          0x00000000   Number         0  _sgetc.o ABSOLUTE
    ../fplib/microlib/d2f.c                  0x00000000   Number         0  d2f.o ABSOLUTE
    ../fplib/microlib/f2d.c                  0x00000000   Number         0  f2d.o ABSOLUTE
    ../fplib/microlib/fpadd.c                0x00000000   Number         0  fadd.o ABSOLUTE
    ../fplib/microlib/fpadd.c                0x00000000   Number         0  dadd.o ABSOLUTE
    ../fplib/microlib/fpdiv.c                0x00000000   Number         0  ddiv.o ABSOLUTE
    ../fplib/microlib/fpdiv.c                0x00000000   Number         0  fdiv.o ABSOLUTE
    ../fplib/microlib/fpepilogue.c           0x00000000   Number         0  fepilogue.o ABSOLUTE
    ../fplib/microlib/fpepilogue.c           0x00000000   Number         0  depilogue.o ABSOLUTE
    ../fplib/microlib/fpfix.c                0x00000000   Number         0  dfixul.o ABSOLUTE
    ../fplib/microlib/fpfix.c                0x00000000   Number         0  ffixi.o ABSOLUTE
    ../fplib/microlib/fpflt.c                0x00000000   Number         0  fflti.o ABSOLUTE
    ../fplib/microlib/fpflt.c                0x00000000   Number         0  dfltul.o ABSOLUTE
    ../fplib/microlib/fpflt.c                0x00000000   Number         0  dflti.o ABSOLUTE
    ../fplib/microlib/fpmul.c                0x00000000   Number         0  fmul.o ABSOLUTE
    ../fplib/microlib/fpmul.c                0x00000000   Number         0  dmul.o ABSOLUTE
    ../fplib/microlib/fprnd.c                0x00000000   Number         0  drnd.o ABSOLUTE
    ../fplib/microlib/fpscalb.c              0x00000000   Number         0  dscalb.o ABSOLUTE
    ../fplib/microlib/fpscalb.c              0x00000000   Number         0  fscalb.o ABSOLUTE
    ../fplib/microlib/fpsqrt.c               0x00000000   Number         0  dsqrt.o ABSOLUTE
    ../fplib/microlib/fpstat.c               0x00000000   Number         0  fpstat.o ABSOLUTE
    ../mathlib/acos.c                        0x00000000   Number         0  acos_x.o ABSOLUTE
    ../mathlib/acos.c                        0x00000000   Number         0  acos.o ABSOLUTE
    ../mathlib/dunder.c                      0x00000000   Number         0  dunder.o ABSOLUTE
    ../mathlib/frexp.c                       0x00000000   Number         0  frexp.o ABSOLUTE
    ../mathlib/narrow.c                      0x00000000   Number         0  narrow.o ABSOLUTE
    ../mathlib/poly.c                        0x00000000   Number         0  poly.o ABSOLUTE
    ../mathlib/round.c                       0x00000000   Number         0  round.o ABSOLUTE
    ../mathlib/sqrt.c                        0x00000000   Number         0  sqrt.o ABSOLUTE
    ../mathlib/sqrt.c                        0x00000000   Number         0  sqrt_x.o ABSOLUTE
    ../mathlib/strtof.c                      0x00000000   Number         0  strtof.o ABSOLUTE
    ..\Drivers\STM32F1xx_HAL_Driver\Src\stm32f1xx_hal.c 0x00000000   Number         0  stm32f1xx_hal.o ABSOLUTE
    ..\Drivers\STM32F1xx_HAL_Driver\Src\stm32f1xx_hal_cortex.c 0x00000000   Number         0  stm32f1xx_hal_cortex.o ABSOLUTE
    ..\Drivers\STM32F1xx_HAL_Driver\Src\stm32f1xx_hal_dma.c 0x00000000   Number         0  stm32f1xx_hal_dma.o ABSOLUTE
    ..\Drivers\STM32F1xx_HAL_Driver\Src\stm32f1xx_hal_exti.c 0x00000000   Number         0  stm32f1xx_hal_exti.o ABSOLUTE
    ..\Drivers\STM32F1xx_HAL_Driver\Src\stm32f1xx_hal_flash.c 0x00000000   Number         0  stm32f1xx_hal_flash.o ABSOLUTE
    ..\Drivers\STM32F1xx_HAL_Driver\Src\stm32f1xx_hal_flash_ex.c 0x00000000   Number         0  stm32f1xx_hal_flash_ex.o ABSOLUTE
    ..\Drivers\STM32F1xx_HAL_Driver\Src\stm32f1xx_hal_gpio.c 0x00000000   Number         0  stm32f1xx_hal_gpio.o ABSOLUTE
    ..\Drivers\STM32F1xx_HAL_Driver\Src\stm32f1xx_hal_gpio_ex.c 0x00000000   Number         0  stm32f1xx_hal_gpio_ex.o ABSOLUTE
    ..\Drivers\STM32F1xx_HAL_Driver\Src\stm32f1xx_hal_i2c.c 0x00000000   Number         0  stm32f1xx_hal_i2c.o ABSOLUTE
    ..\Drivers\STM32F1xx_HAL_Driver\Src\stm32f1xx_hal_pwr.c 0x00000000   Number         0  stm32f1xx_hal_pwr.o ABSOLUTE
    ..\Drivers\STM32F1xx_HAL_Driver\Src\stm32f1xx_hal_rcc.c 0x00000000   Number         0  stm32f1xx_hal_rcc.o ABSOLUTE
    ..\Drivers\STM32F1xx_HAL_Driver\Src\stm32f1xx_hal_rcc_ex.c 0x00000000   Number         0  stm32f1xx_hal_rcc_ex.o ABSOLUTE
    ..\Drivers\STM32F1xx_HAL_Driver\Src\stm32f1xx_hal_tim.c 0x00000000   Number         0  stm32f1xx_hal_tim.o ABSOLUTE
    ..\Drivers\STM32F1xx_HAL_Driver\Src\stm32f1xx_hal_tim_ex.c 0x00000000   Number         0  stm32f1xx_hal_tim_ex.o ABSOLUTE
    ..\Drivers\STM32F1xx_HAL_Driver\Src\stm32f1xx_hal_uart.c 0x00000000   Number         0  stm32f1xx_hal_uart.o ABSOLUTE
    ..\Src\main.c                            0x00000000   Number         0  main.o ABSOLUTE
    ..\Src\stm32f1xx_hal_msp.c               0x00000000   Number         0  stm32f1xx_hal_msp.o ABSOLUTE
    ..\Src\stm32f1xx_it.c                    0x00000000   Number         0  stm32f1xx_it.o ABSOLUTE
    ..\Src\system_stm32f1xx.c                0x00000000   Number         0  system_stm32f1xx.o ABSOLUTE
    cdcmple.s                                0x00000000   Number         0  cdcmple.o ABSOLUTE
    cdrcmple.s                               0x00000000   Number         0  cdrcmple.o ABSOLUTE
    dc.s                                     0x00000000   Number         0  dc.o ABSOLUTE
    handlers.s                               0x00000000   Number         0  handlers.o ABSOLUTE
    init.s                                   0x00000000   Number         0  init.o ABSOLUTE
    startup_stm32f103xb.s                    0x00000000   Number         0  startup_stm32f103xb.o ABSOLUTE
    RESET                                    0x08000000   Section      236  startup_stm32f103xb.o(RESET)
    .ARM.Collect$$$$00000000                 0x080000ec   Section        0  entry.o(.ARM.Collect$$$$00000000)
    .ARM.Collect$$$$00000001                 0x080000ec   Section        4  entry2.o(.ARM.Collect$$$$00000001)
    .ARM.Collect$$$$00000004                 0x080000f0   Section        4  entry5.o(.ARM.Collect$$$$00000004)
    .ARM.Collect$$$$00000008                 0x080000f4   Section        0  entry7b.o(.ARM.Collect$$$$00000008)
    .ARM.Collect$$$$0000000A                 0x080000f4   Section        0  entry8b.o(.ARM.Collect$$$$0000000A)
    .ARM.Collect$$$$0000000B                 0x080000f4   Section        8  entry9a.o(.ARM.Collect$$$$0000000B)
    .ARM.Collect$$$$0000000D                 0x080000fc   Section        0  entry10a.o(.ARM.Collect$$$$0000000D)
    .ARM.Collect$$$$0000000F                 0x080000fc   Section        0  entry11a.o(.ARM.Collect$$$$0000000F)
    .ARM.Collect$$$$00002712                 0x080000fc   Section        4  entry2.o(.ARM.Collect$$$$00002712)
    __lit__00000000                          0x080000fc   Data           4  entry2.o(.ARM.Collect$$$$00002712)
    .text                                    0x08000100   Section       36  startup_stm32f103xb.o(.text)
    .text                                    0x08000124   Section        0  llushr.o(.text)
    .text                                    0x08000144   Section        0  memseta.o(.text)
    .text                                    0x08000168   Section        0  ddiv.o(.text)
    .text                                    0x08000246   Section        0  fflti.o(.text)
    .text                                    0x08000258   Section        0  ffixi.o(.text)
    .text                                    0x0800028a   Section        0  d2f.o(.text)
    .text                                    0x080002c2   Section        0  uidiv.o(.text)
    .text                                    0x080002ee   Section        0  strtof.o(.text)
    .text                                    0x08000308   Section        0  fepilogue.o(.text)
    .text                                    0x08000308   Section        0  iusefp.o(.text)
    .text                                    0x08000376   Section        0  depilogue.o(.text)
    .text                                    0x08000430   Section        0  dmul.o(.text)
    .text                                    0x08000514   Section        0  dscalb.o(.text)
    .text                                    0x08000544   Section       48  cdcmple.o(.text)
    .text                                    0x08000574   Section       48  cdrcmple.o(.text)
    .text                                    0x080005a4   Section       36  init.o(.text)
    .text                                    0x080005c8   Section        0  llshl.o(.text)
    .text                                    0x080005e8   Section        0  strtod.o(.text)
    _local_sscanf                            0x080005e9   Thumb Code    54  strtod.o(.text)
    .text                                    0x08000684   Section        0  isspace_c.o(.text)
    .text                                    0x08000690   Section        0  scanf_fp.o(.text)
    _fp_value                                0x08000691   Thumb Code   296  scanf_fp.o(.text)
    .text                                    0x080009f0   Section        0  _sgetc.o(.text)
    .text                                    0x08000a30   Section        0  fpstat.o(.text)
    .text                                    0x08000a34   Section        0  ctype_c.o(.text)
    .text                                    0x08000a5c   Section        0  dfltul.o(.text)
    i.BusFault_Handler                       0x08000a74   Section        0  stm32f1xx_it.o(i.BusFault_Handler)
    i.DebugMon_Handler                       0x08000a76   Section        0  stm32f1xx_it.o(i.DebugMon_Handler)
    i.EXTI0_IRQHandler                       0x08000a78   Section        0  stm32f1xx_it.o(i.EXTI0_IRQHandler)
    i.EXTI1_IRQHandler                       0x08000a7e   Section        0  stm32f1xx_it.o(i.EXTI1_IRQHandler)
    i.HAL_DMA_Abort_IT                       0x08000a84   Section        0  stm32f1xx_hal_dma.o(i.HAL_DMA_Abort_IT)
    i.HAL_Delay                              0x08000b1c   Section        0  stm32f1xx_hal.o(i.HAL_Delay)
    i.HAL_GPIO_EXTI_Callback                 0x08000b40   Section        0  main.o(i.HAL_GPIO_EXTI_Callback)
    i.HAL_GPIO_EXTI_IRQHandler               0x08000bc0   Section        0  stm32f1xx_hal_gpio.o(i.HAL_GPIO_EXTI_IRQHandler)
    i.HAL_GPIO_Init                          0x08000bd8   Section        0  stm32f1xx_hal_gpio.o(i.HAL_GPIO_Init)
    i.HAL_GPIO_ReadPin                       0x08000db8   Section        0  stm32f1xx_hal_gpio.o(i.HAL_GPIO_ReadPin)
    i.HAL_GPIO_WritePin                      0x08000dc2   Section        0  stm32f1xx_hal_gpio.o(i.HAL_GPIO_WritePin)
    i.HAL_GetTick                            0x08000dcc   Section        0  stm32f1xx_hal.o(i.HAL_GetTick)
    i.HAL_I2C_Init                           0x08000dd8   Section        0  stm32f1xx_hal_i2c.o(i.HAL_I2C_Init)
    i.HAL_I2C_Master_Transmit                0x08000f4c   Section        0  stm32f1xx_hal_i2c.o(i.HAL_I2C_Master_Transmit)
    i.HAL_I2C_MspInit                        0x08001078   Section        0  stm32f1xx_hal_msp.o(i.HAL_I2C_MspInit)
    i.HAL_IncTick                            0x08001110   Section        0  stm32f1xx_hal.o(i.HAL_IncTick)
    i.HAL_Init                               0x08001120   Section        0  stm32f1xx_hal.o(i.HAL_Init)
    i.HAL_InitTick                           0x08001144   Section        0  stm32f1xx_hal.o(i.HAL_InitTick)
    i.HAL_MspInit                            0x08001184   Section        0  stm32f1xx_hal_msp.o(i.HAL_MspInit)
    i.HAL_NVIC_EnableIRQ                     0x080011c0   Section        0  stm32f1xx_hal_cortex.o(i.HAL_NVIC_EnableIRQ)
    i.HAL_NVIC_SetPriority                   0x080011dc   Section        0  stm32f1xx_hal_cortex.o(i.HAL_NVIC_SetPriority)
    i.HAL_NVIC_SetPriorityGrouping           0x0800121c   Section        0  stm32f1xx_hal_cortex.o(i.HAL_NVIC_SetPriorityGrouping)
    i.HAL_RCC_ClockConfig                    0x08001240   Section        0  stm32f1xx_hal_rcc.o(i.HAL_RCC_ClockConfig)
    i.HAL_RCC_GetPCLK1Freq                   0x0800136c   Section        0  stm32f1xx_hal_rcc.o(i.HAL_RCC_GetPCLK1Freq)
    i.HAL_RCC_GetPCLK2Freq                   0x0800138c   Section        0  stm32f1xx_hal_rcc.o(i.HAL_RCC_GetPCLK2Freq)
    i.HAL_RCC_GetSysClockFreq                0x080013ac   Section        0  stm32f1xx_hal_rcc.o(i.HAL_RCC_GetSysClockFreq)
    i.HAL_RCC_OscConfig                      0x08001418   Section        0  stm32f1xx_hal_rcc.o(i.HAL_RCC_OscConfig)
    i.HAL_SYSTICK_Config                     0x08001738   Section        0  stm32f1xx_hal_cortex.o(i.HAL_SYSTICK_Config)
    i.HAL_TIMEx_BreakCallback                0x08001760   Section        0  stm32f1xx_hal_tim_ex.o(i.HAL_TIMEx_BreakCallback)
    i.HAL_TIMEx_CommutCallback               0x08001762   Section        0  stm32f1xx_hal_tim_ex.o(i.HAL_TIMEx_CommutCallback)
    i.HAL_TIMEx_MasterConfigSynchronization  0x08001764   Section        0  stm32f1xx_hal_tim_ex.o(i.HAL_TIMEx_MasterConfigSynchronization)
    i.HAL_TIM_Base_Init                      0x080017a6   Section        0  stm32f1xx_hal_tim.o(i.HAL_TIM_Base_Init)
    i.HAL_TIM_Base_MspInit                   0x080017dc   Section        0  stm32f1xx_hal_msp.o(i.HAL_TIM_Base_MspInit)
    i.HAL_TIM_Base_Start_IT                  0x08001818   Section        0  stm32f1xx_hal_tim.o(i.HAL_TIM_Base_Start_IT)
    i.HAL_TIM_ConfigClockSource              0x0800183a   Section        0  stm32f1xx_hal_tim.o(i.HAL_TIM_ConfigClockSource)
    i.HAL_TIM_IC_CaptureCallback             0x08001910   Section        0  stm32f1xx_hal_tim.o(i.HAL_TIM_IC_CaptureCallback)
    i.HAL_TIM_IRQHandler                     0x08001912   Section        0  stm32f1xx_hal_tim.o(i.HAL_TIM_IRQHandler)
    i.HAL_TIM_OC_DelayElapsedCallback        0x08001a78   Section        0  stm32f1xx_hal_tim.o(i.HAL_TIM_OC_DelayElapsedCallback)
    i.HAL_TIM_PWM_PulseFinishedCallback      0x08001a7a   Section        0  stm32f1xx_hal_tim.o(i.HAL_TIM_PWM_PulseFinishedCallback)
    i.HAL_TIM_PeriodElapsedCallback          0x08001a7c   Section        0  main.o(i.HAL_TIM_PeriodElapsedCallback)
    i.HAL_TIM_TriggerCallback                0x08001aa4   Section        0  stm32f1xx_hal_tim.o(i.HAL_TIM_TriggerCallback)
    i.HAL_UART_ErrorCallback                 0x08001aa6   Section        0  stm32f1xx_hal_uart.o(i.HAL_UART_ErrorCallback)
    i.HAL_UART_IRQHandler                    0x08001aa8   Section        0  stm32f1xx_hal_uart.o(i.HAL_UART_IRQHandler)
    i.HAL_UART_Init                          0x08001bb8   Section        0  stm32f1xx_hal_uart.o(i.HAL_UART_Init)
    i.HAL_UART_MspInit                       0x08001c1c   Section        0  stm32f1xx_hal_msp.o(i.HAL_UART_MspInit)
    i.HAL_UART_Receive_IT                    0x08001cf4   Section        0  stm32f1xx_hal_uart.o(i.HAL_UART_Receive_IT)
    i.HAL_UART_RxCpltCallback                0x08001d48   Section        0  main.o(i.HAL_UART_RxCpltCallback)
    i.HAL_UART_Transmit_IT                   0x08001de8   Section        0  stm32f1xx_hal_uart.o(i.HAL_UART_Transmit_IT)
    i.HAL_UART_TxCpltCallback                0x08001e26   Section        0  stm32f1xx_hal_uart.o(i.HAL_UART_TxCpltCallback)
    i.HardFault_Handler                      0x08001e28   Section        0  stm32f1xx_it.o(i.HardFault_Handler)
    i.I2C_IsAcknowledgeFailed                0x08001e2a   Section        0  stm32f1xx_hal_i2c.o(i.I2C_IsAcknowledgeFailed)
    I2C_IsAcknowledgeFailed                  0x08001e2b   Thumb Code    46  stm32f1xx_hal_i2c.o(i.I2C_IsAcknowledgeFailed)
    i.I2C_MasterRequestWrite                 0x08001e58   Section        0  stm32f1xx_hal_i2c.o(i.I2C_MasterRequestWrite)
    I2C_MasterRequestWrite                   0x08001e59   Thumb Code   132  stm32f1xx_hal_i2c.o(i.I2C_MasterRequestWrite)
    i.I2C_WaitOnBTFFlagUntilTimeout          0x08001ee0   Section        0  stm32f1xx_hal_i2c.o(i.I2C_WaitOnBTFFlagUntilTimeout)
    I2C_WaitOnBTFFlagUntilTimeout            0x08001ee1   Thumb Code    76  stm32f1xx_hal_i2c.o(i.I2C_WaitOnBTFFlagUntilTimeout)
    i.I2C_WaitOnFlagUntilTimeout             0x08001f2c   Section        0  stm32f1xx_hal_i2c.o(i.I2C_WaitOnFlagUntilTimeout)
    I2C_WaitOnFlagUntilTimeout               0x08001f2d   Thumb Code   104  stm32f1xx_hal_i2c.o(i.I2C_WaitOnFlagUntilTimeout)
    i.I2C_WaitOnMasterAddressFlagUntilTimeout 0x08001f94   Section        0  stm32f1xx_hal_i2c.o(i.I2C_WaitOnMasterAddressFlagUntilTimeout)
    I2C_WaitOnMasterAddressFlagUntilTimeout  0x08001f95   Thumb Code   150  stm32f1xx_hal_i2c.o(i.I2C_WaitOnMasterAddressFlagUntilTimeout)
    i.I2C_WaitOnTXEFlagUntilTimeout          0x0800202a   Section        0  stm32f1xx_hal_i2c.o(i.I2C_WaitOnTXEFlagUntilTimeout)
    I2C_WaitOnTXEFlagUntilTimeout            0x0800202b   Thumb Code    76  stm32f1xx_hal_i2c.o(i.I2C_WaitOnTXEFlagUntilTimeout)
    i.MX_GPIO_Init                           0x08002078   Section        0  main.o(i.MX_GPIO_Init)
    MX_GPIO_Init                             0x08002079   Thumb Code   152  main.o(i.MX_GPIO_Init)
    i.MX_TIM4_Init                           0x08002120   Section        0  main.o(i.MX_TIM4_Init)
    MX_TIM4_Init                             0x08002121   Thumb Code    76  main.o(i.MX_TIM4_Init)
    i.MemManage_Handler                      0x08002174   Section        0  stm32f1xx_it.o(i.MemManage_Handler)
    i.MoveBase                               0x08002178   Section        0  main.o(i.MoveBase)
    i.NMI_Handler                            0x08002224   Section        0  stm32f1xx_it.o(i.NMI_Handler)
    i.PendSV_Handler                         0x08002226   Section        0  stm32f1xx_it.o(i.PendSV_Handler)
    i.SVC_Handler                            0x08002228   Section        0  stm32f1xx_it.o(i.SVC_Handler)
    i.SysTick_Handler                        0x0800222a   Section        0  stm32f1xx_it.o(i.SysTick_Handler)
    i.SystemClock_Config                     0x0800222e   Section        0  main.o(i.SystemClock_Config)
    i.SystemInit                             0x0800227c   Section        0  system_stm32f1xx.o(i.SystemInit)
    i.TIM4_IRQHandler                        0x080022c4   Section        0  stm32f1xx_it.o(i.TIM4_IRQHandler)
    i.TIM_Base_SetConfig                     0x080022d0   Section        0  stm32f1xx_hal_tim.o(i.TIM_Base_SetConfig)
    i.TIM_ETR_SetConfig                      0x0800233c   Section        0  stm32f1xx_hal_tim.o(i.TIM_ETR_SetConfig)
    i.TIM_ITRx_SetConfig                     0x08002350   Section        0  stm32f1xx_hal_tim.o(i.TIM_ITRx_SetConfig)
    TIM_ITRx_SetConfig                       0x08002351   Thumb Code    16  stm32f1xx_hal_tim.o(i.TIM_ITRx_SetConfig)
    i.TIM_TI1_ConfigInputStage               0x08002360   Section        0  stm32f1xx_hal_tim.o(i.TIM_TI1_ConfigInputStage)
    TIM_TI1_ConfigInputStage                 0x08002361   Thumb Code    34  stm32f1xx_hal_tim.o(i.TIM_TI1_ConfigInputStage)
    i.TIM_TI2_ConfigInputStage               0x08002382   Section        0  stm32f1xx_hal_tim.o(i.TIM_TI2_ConfigInputStage)
    TIM_TI2_ConfigInputStage                 0x08002383   Thumb Code    36  stm32f1xx_hal_tim.o(i.TIM_TI2_ConfigInputStage)
    i.UART_DMAAbortOnError                   0x080023a6   Section        0  stm32f1xx_hal_uart.o(i.UART_DMAAbortOnError)
    UART_DMAAbortOnError                     0x080023a7   Thumb Code    16  stm32f1xx_hal_uart.o(i.UART_DMAAbortOnError)
    i.UART_EndRxTransfer                     0x080023b6   Section        0  stm32f1xx_hal_uart.o(i.UART_EndRxTransfer)
    UART_EndRxTransfer                       0x080023b7   Thumb Code    28  stm32f1xx_hal_uart.o(i.UART_EndRxTransfer)
    i.UART_Receive_IT                        0x080023d2   Section        0  stm32f1xx_hal_uart.o(i.UART_Receive_IT)
    UART_Receive_IT                          0x080023d3   Thumb Code   150  stm32f1xx_hal_uart.o(i.UART_Receive_IT)
    i.UART_SetConfig                         0x08002468   Section        0  stm32f1xx_hal_uart.o(i.UART_SetConfig)
    UART_SetConfig                           0x08002469   Thumb Code   178  stm32f1xx_hal_uart.o(i.UART_SetConfig)
    i.UART_Transmit_IT                       0x08002520   Section        0  stm32f1xx_hal_uart.o(i.UART_Transmit_IT)
    UART_Transmit_IT                         0x08002521   Thumb Code    98  stm32f1xx_hal_uart.o(i.UART_Transmit_IT)
    i.USART1_IRQHandler                      0x08002584   Section        0  stm32f1xx_it.o(i.USART1_IRQHandler)
    i.USART2_IRQHandler                      0x08002590   Section        0  stm32f1xx_it.o(i.USART2_IRQHandler)
    i.UsageFault_Handler                     0x0800259c   Section        0  stm32f1xx_it.o(i.UsageFault_Handler)
    i.__0sprintf$1                           0x080025a0   Section        0  printf1.o(i.__0sprintf$1)
    i.__NVIC_SetPriority                     0x080025c8   Section        0  stm32f1xx_hal_cortex.o(i.__NVIC_SetPriority)
    __NVIC_SetPriority                       0x080025c9   Thumb Code    32  stm32f1xx_hal_cortex.o(i.__NVIC_SetPriority)
    i.__mathlib_narrow                       0x080025e8   Section        0  narrow.o(i.__mathlib_narrow)
    i.__mathlib_tofloat                      0x080025f8   Section        0  narrow.o(i.__mathlib_tofloat)
    i.__scatterload_copy                     0x080026b4   Section       14  handlers.o(i.__scatterload_copy)
    i.__scatterload_null                     0x080026c2   Section        2  handlers.o(i.__scatterload_null)
    i.__scatterload_zeroinit                 0x080026c4   Section       14  handlers.o(i.__scatterload_zeroinit)
    i.__set_errno                            0x080026d4   Section        0  errno.o(i.__set_errno)
    i._is_digit                              0x080026e0   Section        0  scanf_fp.o(i._is_digit)
    i._printf_core                           0x080026f0   Section        0  printf1.o(i._printf_core)
    _printf_core                             0x080026f1   Thumb Code   336  printf1.o(i._printf_core)
    i._sputc                                 0x08002844   Section        0  printf1.o(i._sputc)
    _sputc                                   0x08002845   Thumb Code    10  printf1.o(i._sputc)
    i.checkData                              0x0800284e   Section        0  main.o(i.checkData)
    i.extractNumSigned                       0x08002878   Section        0  main.o(i.extractNumSigned)
    i.extractSpeedSigned                     0x080028b8   Section        0  main.o(i.extractSpeedSigned)
    i.frexp                                  0x080028ec   Section        0  frexp.o(i.frexp)
    i.main                                   0x08002944   Section        0  main.o(i.main)
    i.mapRange                               0x08002a84   Section        0  main.o(i.mapRange)
    i.readJoyStick                           0x08002b2c   Section        0  main.o(i.readJoyStick)
    i.readSpeed                              0x08002b7c   Section        0  main.o(i.readSpeed)
    i.strtof                                 0x08002bc4   Section        0  strtof.o(i.strtof)
    .constdata                               0x08002bd8   Section       12  main.o(.constdata)
    .constdata                               0x08002be4   Section       16  system_stm32f1xx.o(.constdata)
    .constdata                               0x08002bf4   Section        8  system_stm32f1xx.o(.constdata)
    .constdata                               0x08002bfc   Section       64  ctype_c.o(.constdata)
    .data                                    0x20000000   Section       72  main.o(.data)
    .data                                    0x20000048   Section       12  stm32f1xx_hal.o(.data)
    .data                                    0x20000054   Section        4  system_stm32f1xx.o(.data)
    .data                                    0x20000058   Section        4  errno.o(.data)
    _errno                                   0x20000058   Data           4  errno.o(.data)
    .bss                                     0x2000005c   Section      404  main.o(.bss)
    STACK                                    0x200001f0   Section     1024  startup_stm32f103xb.o(STACK)

    Global Symbols

    Symbol Name                              Value     Ov Type        Size  Object(Section)

    BuildAttributes$$THM_ISAv4$P$D$K$B$S$PE$A:L22UL41UL21$X:L11$S22US41US21$IEEE1$IW$USESV6$~STKCKD$USESV7$~SHL$OTIME$ROPI$IEEEX$EBA8$MICROLIB$REQ8$PRES8$EABIv2 0x00000000   Number         0  anon$$obj.o ABSOLUTE
    __ARM_use_no_argv                        0x00000000   Number         0  main.o ABSOLUTE
    _printf_a                                0x00000000   Number         0  stubs.o ABSOLUTE
    _printf_c                                0x00000000   Number         0  stubs.o ABSOLUTE
    _printf_charcount                        0x00000000   Number         0  stubs.o ABSOLUTE
    _printf_d                                0x00000000   Number         0  stubs.o ABSOLUTE
    _printf_e                                0x00000000   Number         0  stubs.o ABSOLUTE
    _printf_f                                0x00000000   Number         0  stubs.o ABSOLUTE
    _printf_flags                            0x00000000   Number         0  stubs.o ABSOLUTE
    _printf_fp_dec                           0x00000000   Number         0  stubs.o ABSOLUTE
    _printf_fp_hex                           0x00000000   Number         0  stubs.o ABSOLUTE
    _printf_g                                0x00000000   Number         0  stubs.o ABSOLUTE
    _printf_i                                0x00000000   Number         0  stubs.o ABSOLUTE
    _printf_int_dec                          0x00000000   Number         0  stubs.o ABSOLUTE
    _printf_l                                0x00000000   Number         0  stubs.o ABSOLUTE
    _printf_lc                               0x00000000   Number         0  stubs.o ABSOLUTE
    _printf_ll                               0x00000000   Number         0  stubs.o ABSOLUTE
    _printf_lld                              0x00000000   Number         0  stubs.o ABSOLUTE
    _printf_lli                              0x00000000   Number         0  stubs.o ABSOLUTE
    _printf_llo                              0x00000000   Number         0  stubs.o ABSOLUTE
    _printf_llu                              0x00000000   Number         0  stubs.o ABSOLUTE
    _printf_llx                              0x00000000   Number         0  stubs.o ABSOLUTE
    _printf_longlong_dec                     0x00000000   Number         0  stubs.o ABSOLUTE
    _printf_longlong_hex                     0x00000000   Number         0  stubs.o ABSOLUTE
    _printf_longlong_oct                     0x00000000   Number         0  stubs.o ABSOLUTE
    _printf_ls                               0x00000000   Number         0  stubs.o ABSOLUTE
    _printf_mbtowc                           0x00000000   Number         0  stubs.o ABSOLUTE
    _printf_n                                0x00000000   Number         0  stubs.o ABSOLUTE
    _printf_o                                0x00000000   Number         0  stubs.o ABSOLUTE
    _printf_p                                0x00000000   Number         0  stubs.o ABSOLUTE
    _printf_percent                          0x00000000   Number         0  stubs.o ABSOLUTE
    _printf_pre_padding                      0x00000000   Number         0  stubs.o ABSOLUTE
    _printf_return_value                     0x00000000   Number         0  stubs.o ABSOLUTE
    _printf_s                                0x00000000   Number         0  stubs.o ABSOLUTE
    _printf_sizespec                         0x00000000   Number         0  stubs.o ABSOLUTE
    _printf_str                              0x00000000   Number         0  stubs.o ABSOLUTE
    _printf_truncate_signed                  0x00000000   Number         0  stubs.o ABSOLUTE
    _printf_truncate_unsigned                0x00000000   Number         0  stubs.o ABSOLUTE
    _printf_u                                0x00000000   Number         0  stubs.o ABSOLUTE
    _printf_wc                               0x00000000   Number         0  stubs.o ABSOLUTE
    _printf_wctomb                           0x00000000   Number         0  stubs.o ABSOLUTE
    _printf_widthprec                        0x00000000   Number         0  stubs.o ABSOLUTE
    _printf_x                                0x00000000   Number         0  stubs.o ABSOLUTE
    __cpp_initialize__aeabi_                  - Undefined Weak Reference
    __cxa_finalize                            - Undefined Weak Reference
    __decompress                              - Undefined Weak Reference
    _clock_init                               - Undefined Weak Reference
    _microlib_exit                            - Undefined Weak Reference
    __Vectors_Size                           0x000000ec   Number         0  startup_stm32f103xb.o ABSOLUTE
    __Vectors                                0x08000000   Data           4  startup_stm32f103xb.o(RESET)
    __Vectors_End                            0x080000ec   Data           0  startup_stm32f103xb.o(RESET)
    __main                                   0x080000ed   Thumb Code     0  entry.o(.ARM.Collect$$$$00000000)
    _main_stk                                0x080000ed   Thumb Code     0  entry2.o(.ARM.Collect$$$$00000001)
    _main_scatterload                        0x080000f1   Thumb Code     0  entry5.o(.ARM.Collect$$$$00000004)
    __main_after_scatterload                 0x080000f5   Thumb Code     0  entry5.o(.ARM.Collect$$$$00000004)
    _main_clock                              0x080000f5   Thumb Code     0  entry7b.o(.ARM.Collect$$$$00000008)
    _main_cpp_init                           0x080000f5   Thumb Code     0  entry8b.o(.ARM.Collect$$$$0000000A)
    _main_init                               0x080000f5   Thumb Code     0  entry9a.o(.ARM.Collect$$$$0000000B)
    __rt_final_cpp                           0x080000fd   Thumb Code     0  entry10a.o(.ARM.Collect$$$$0000000D)
    __rt_final_exit                          0x080000fd   Thumb Code     0  entry11a.o(.ARM.Collect$$$$0000000F)
    Reset_Handler                            0x08000101   Thumb Code     8  startup_stm32f103xb.o(.text)
    ADC1_2_IRQHandler                        0x0800011b   Thumb Code     0  startup_stm32f103xb.o(.text)
    CAN1_RX1_IRQHandler                      0x0800011b   Thumb Code     0  startup_stm32f103xb.o(.text)
    CAN1_SCE_IRQHandler                      0x0800011b   Thumb Code     0  startup_stm32f103xb.o(.text)
    DMA1_Channel1_IRQHandler                 0x0800011b   Thumb Code     0  startup_stm32f103xb.o(.text)
    DMA1_Channel2_IRQHandler                 0x0800011b   Thumb Code     0  startup_stm32f103xb.o(.text)
    DMA1_Channel3_IRQHandler                 0x0800011b   Thumb Code     0  startup_stm32f103xb.o(.text)
    DMA1_Channel4_IRQHandler                 0x0800011b   Thumb Code     0  startup_stm32f103xb.o(.text)
    DMA1_Channel5_IRQHandler                 0x0800011b   Thumb Code     0  startup_stm32f103xb.o(.text)
    DMA1_Channel6_IRQHandler                 0x0800011b   Thumb Code     0  startup_stm32f103xb.o(.text)
    DMA1_Channel7_IRQHandler                 0x0800011b   Thumb Code     0  startup_stm32f103xb.o(.text)
    EXTI15_10_IRQHandler                     0x0800011b   Thumb Code     0  startup_stm32f103xb.o(.text)
    EXTI2_IRQHandler                         0x0800011b   Thumb Code     0  startup_stm32f103xb.o(.text)
    EXTI3_IRQHandler                         0x0800011b   Thumb Code     0  startup_stm32f103xb.o(.text)
    EXTI4_IRQHandler                         0x0800011b   Thumb Code     0  startup_stm32f103xb.o(.text)
    EXTI9_5_IRQHandler                       0x0800011b   Thumb Code     0  startup_stm32f103xb.o(.text)
    FLASH_IRQHandler                         0x0800011b   Thumb Code     0  startup_stm32f103xb.o(.text)
    I2C1_ER_IRQHandler                       0x0800011b   Thumb Code     0  startup_stm32f103xb.o(.text)
    I2C1_EV_IRQHandler                       0x0800011b   Thumb Code     0  startup_stm32f103xb.o(.text)
    I2C2_ER_IRQHandler                       0x0800011b   Thumb Code     0  startup_stm32f103xb.o(.text)
    I2C2_EV_IRQHandler                       0x0800011b   Thumb Code     0  startup_stm32f103xb.o(.text)
    PVD_IRQHandler                           0x0800011b   Thumb Code     0  startup_stm32f103xb.o(.text)
    RCC_IRQHandler                           0x0800011b   Thumb Code     0  startup_stm32f103xb.o(.text)
    RTC_Alarm_IRQHandler                     0x0800011b   Thumb Code     0  startup_stm32f103xb.o(.text)
    RTC_IRQHandler                           0x0800011b   Thumb Code     0  startup_stm32f103xb.o(.text)
    SPI1_IRQHandler                          0x0800011b   Thumb Code     0  startup_stm32f103xb.o(.text)
    SPI2_IRQHandler                          0x0800011b   Thumb Code     0  startup_stm32f103xb.o(.text)
    TAMPER_IRQHandler                        0x0800011b   Thumb Code     0  startup_stm32f103xb.o(.text)
    TIM1_BRK_IRQHandler                      0x0800011b   Thumb Code     0  startup_stm32f103xb.o(.text)
    TIM1_CC_IRQHandler                       0x0800011b   Thumb Code     0  startup_stm32f103xb.o(.text)
    TIM1_TRG_COM_IRQHandler                  0x0800011b   Thumb Code     0  startup_stm32f103xb.o(.text)
    TIM1_UP_IRQHandler                       0x0800011b   Thumb Code     0  startup_stm32f103xb.o(.text)
    TIM2_IRQHandler                          0x0800011b   Thumb Code     0  startup_stm32f103xb.o(.text)
    TIM3_IRQHandler                          0x0800011b   Thumb Code     0  startup_stm32f103xb.o(.text)
    USART3_IRQHandler                        0x0800011b   Thumb Code     0  startup_stm32f103xb.o(.text)
    USBWakeUp_IRQHandler                     0x0800011b   Thumb Code     0  startup_stm32f103xb.o(.text)
    USB_HP_CAN1_TX_IRQHandler                0x0800011b   Thumb Code     0  startup_stm32f103xb.o(.text)
    USB_LP_CAN1_RX0_IRQHandler               0x0800011b   Thumb Code     0  startup_stm32f103xb.o(.text)
    WWDG_IRQHandler                          0x0800011b   Thumb Code     0  startup_stm32f103xb.o(.text)
    __aeabi_llsr                             0x08000125   Thumb Code    32  llushr.o(.text)
    _ll_ushift_r                             0x08000125   Thumb Code     0  llushr.o(.text)
    __aeabi_memset                           0x08000145   Thumb Code    14  memseta.o(.text)
    __aeabi_memset4                          0x08000145   Thumb Code     0  memseta.o(.text)
    __aeabi_memset8                          0x08000145   Thumb Code     0  memseta.o(.text)
    __aeabi_memclr                           0x08000153   Thumb Code     4  memseta.o(.text)
    __aeabi_memclr4                          0x08000153   Thumb Code     0  memseta.o(.text)
    __aeabi_memclr8                          0x08000153   Thumb Code     0  memseta.o(.text)
    _memset$wrapper                          0x08000157   Thumb Code    18  memseta.o(.text)
    __aeabi_ddiv                             0x08000169   Thumb Code   222  ddiv.o(.text)
    __aeabi_i2f                              0x08000247   Thumb Code    18  fflti.o(.text)
    __aeabi_f2iz                             0x08000259   Thumb Code    50  ffixi.o(.text)
    __aeabi_d2f                              0x0800028b   Thumb Code    56  d2f.o(.text)
    __aeabi_uidiv                            0x080002c3   Thumb Code     0  uidiv.o(.text)
    __aeabi_uidivmod                         0x080002c3   Thumb Code    44  uidiv.o(.text)
    __strtof_int                             0x080002ef   Thumb Code    26  strtof.o(.text)
    __I$use$fp                               0x08000309   Thumb Code     0  iusefp.o(.text)
    _float_round                             0x08000309   Thumb Code    18  fepilogue.o(.text)
    _float_epilogue                          0x0800031b   Thumb Code    92  fepilogue.o(.text)
    _double_round                            0x08000377   Thumb Code    30  depilogue.o(.text)
    _double_epilogue                         0x08000395   Thumb Code   156  depilogue.o(.text)
    __aeabi_dmul                             0x08000431   Thumb Code   228  dmul.o(.text)
    __ARM_scalbn                             0x08000515   Thumb Code    46  dscalb.o(.text)
    scalbn                                   0x08000515   Thumb Code     0  dscalb.o(.text)
    __aeabi_cdcmpeq                          0x08000545   Thumb Code     0  cdcmple.o(.text)
    __aeabi_cdcmple                          0x08000545   Thumb Code    48  cdcmple.o(.text)
    __aeabi_cdrcmple                         0x08000575   Thumb Code    48  cdrcmple.o(.text)
    __scatterload                            0x080005a5   Thumb Code    28  init.o(.text)
    __scatterload_rt2                        0x080005a5   Thumb Code     0  init.o(.text)
    __aeabi_llsl                             0x080005c9   Thumb Code    30  llshl.o(.text)
    _ll_shift_l                              0x080005c9   Thumb Code     0  llshl.o(.text)
    __strtod_int                             0x0800061f   Thumb Code    90  strtod.o(.text)
    isspace                                  0x08000685   Thumb Code    10  isspace_c.o(.text)
    _scanf_real                              0x080007b9   Thumb Code     0  scanf_fp.o(.text)
    _scanf_really_real                       0x080007b9   Thumb Code   556  scanf_fp.o(.text)
    _sgetc                                   0x080009f1   Thumb Code    30  _sgetc.o(.text)
    _sbackspace                              0x08000a0f   Thumb Code    34  _sgetc.o(.text)
    __fp_status                              0x08000a31   Thumb Code     4  fpstat.o(.text)
    __ieee_status                            0x08000a31   Thumb Code     0  fpstat.o(.text)
    __ctype_lookup                           0x08000a35   Thumb Code    34  ctype_c.o(.text)
    __aeabi_ul2d                             0x08000a5d   Thumb Code    24  dfltul.o(.text)
    BusFault_Handler                         0x08000a75   Thumb Code     2  stm32f1xx_it.o(i.BusFault_Handler)
    DebugMon_Handler                         0x08000a77   Thumb Code     2  stm32f1xx_it.o(i.DebugMon_Handler)
    EXTI0_IRQHandler                         0x08000a79   Thumb Code     6  stm32f1xx_it.o(i.EXTI0_IRQHandler)
    EXTI1_IRQHandler                         0x08000a7f   Thumb Code     6  stm32f1xx_it.o(i.EXTI1_IRQHandler)
    HAL_DMA_Abort_IT                         0x08000a85   Thumb Code   148  stm32f1xx_hal_dma.o(i.HAL_DMA_Abort_IT)
    HAL_Delay                                0x08000b1d   Thumb Code    32  stm32f1xx_hal.o(i.HAL_Delay)
    HAL_GPIO_EXTI_Callback                   0x08000b41   Thumb Code   108  main.o(i.HAL_GPIO_EXTI_Callback)
    HAL_GPIO_EXTI_IRQHandler                 0x08000bc1   Thumb Code    18  stm32f1xx_hal_gpio.o(i.HAL_GPIO_EXTI_IRQHandler)
    HAL_GPIO_Init                            0x08000bd9   Thumb Code   446  stm32f1xx_hal_gpio.o(i.HAL_GPIO_Init)
    HAL_GPIO_ReadPin                         0x08000db9   Thumb Code    10  stm32f1xx_hal_gpio.o(i.HAL_GPIO_ReadPin)
    HAL_GPIO_WritePin                        0x08000dc3   Thumb Code    10  stm32f1xx_hal_gpio.o(i.HAL_GPIO_WritePin)
    HAL_GetTick                              0x08000dcd   Thumb Code     6  stm32f1xx_hal.o(i.HAL_GetTick)
    HAL_I2C_Init                             0x08000dd9   Thumb Code   356  stm32f1xx_hal_i2c.o(i.HAL_I2C_Init)
    HAL_I2C_Master_Transmit                  0x08000f4d   Thumb Code   290  stm32f1xx_hal_i2c.o(i.HAL_I2C_Master_Transmit)
    HAL_I2C_MspInit                          0x08001079   Thumb Code   134  stm32f1xx_hal_msp.o(i.HAL_I2C_MspInit)
    HAL_IncTick                              0x08001111   Thumb Code    12  stm32f1xx_hal.o(i.HAL_IncTick)
    HAL_Init                                 0x08001121   Thumb Code    32  stm32f1xx_hal.o(i.HAL_Init)
    HAL_InitTick                             0x08001145   Thumb Code    54  stm32f1xx_hal.o(i.HAL_InitTick)
    HAL_MspInit                              0x08001185   Thumb Code    52  stm32f1xx_hal_msp.o(i.HAL_MspInit)
    HAL_NVIC_EnableIRQ                       0x080011c1   Thumb Code    26  stm32f1xx_hal_cortex.o(i.HAL_NVIC_EnableIRQ)
    HAL_NVIC_SetPriority                     0x080011dd   Thumb Code    60  stm32f1xx_hal_cortex.o(i.HAL_NVIC_SetPriority)
    HAL_NVIC_SetPriorityGrouping             0x0800121d   Thumb Code    26  stm32f1xx_hal_cortex.o(i.HAL_NVIC_SetPriorityGrouping)
    HAL_RCC_ClockConfig                      0x08001241   Thumb Code   280  stm32f1xx_hal_rcc.o(i.HAL_RCC_ClockConfig)
    HAL_RCC_GetPCLK1Freq                     0x0800136d   Thumb Code    20  stm32f1xx_hal_rcc.o(i.HAL_RCC_GetPCLK1Freq)
    HAL_RCC_GetPCLK2Freq                     0x0800138d   Thumb Code    20  stm32f1xx_hal_rcc.o(i.HAL_RCC_GetPCLK2Freq)
    HAL_RCC_GetSysClockFreq                  0x080013ad   Thumb Code    74  stm32f1xx_hal_rcc.o(i.HAL_RCC_GetSysClockFreq)
    HAL_RCC_OscConfig                        0x08001419   Thumb Code   778  stm32f1xx_hal_rcc.o(i.HAL_RCC_OscConfig)
    HAL_SYSTICK_Config                       0x08001739   Thumb Code    40  stm32f1xx_hal_cortex.o(i.HAL_SYSTICK_Config)
    HAL_TIMEx_BreakCallback                  0x08001761   Thumb Code     2  stm32f1xx_hal_tim_ex.o(i.HAL_TIMEx_BreakCallback)
    HAL_TIMEx_CommutCallback                 0x08001763   Thumb Code     2  stm32f1xx_hal_tim_ex.o(i.HAL_TIMEx_CommutCallback)
    HAL_TIMEx_MasterConfigSynchronization    0x08001765   Thumb Code    66  stm32f1xx_hal_tim_ex.o(i.HAL_TIMEx_MasterConfigSynchronization)
    HAL_TIM_Base_Init                        0x080017a7   Thumb Code    54  stm32f1xx_hal_tim.o(i.HAL_TIM_Base_Init)
    HAL_TIM_Base_MspInit                     0x080017dd   Thumb Code    50  stm32f1xx_hal_msp.o(i.HAL_TIM_Base_MspInit)
    HAL_TIM_Base_Start_IT                    0x08001819   Thumb Code    34  stm32f1xx_hal_tim.o(i.HAL_TIM_Base_Start_IT)
    HAL_TIM_ConfigClockSource                0x0800183b   Thumb Code   214  stm32f1xx_hal_tim.o(i.HAL_TIM_ConfigClockSource)
    HAL_TIM_IC_CaptureCallback               0x08001911   Thumb Code     2  stm32f1xx_hal_tim.o(i.HAL_TIM_IC_CaptureCallback)
    HAL_TIM_IRQHandler                       0x08001913   Thumb Code   358  stm32f1xx_hal_tim.o(i.HAL_TIM_IRQHandler)
    HAL_TIM_OC_DelayElapsedCallback          0x08001a79   Thumb Code     2  stm32f1xx_hal_tim.o(i.HAL_TIM_OC_DelayElapsedCallback)
    HAL_TIM_PWM_PulseFinishedCallback        0x08001a7b   Thumb Code     2  stm32f1xx_hal_tim.o(i.HAL_TIM_PWM_PulseFinishedCallback)
    HAL_TIM_PeriodElapsedCallback            0x08001a7d   Thumb Code    30  main.o(i.HAL_TIM_PeriodElapsedCallback)
    HAL_TIM_TriggerCallback                  0x08001aa5   Thumb Code     2  stm32f1xx_hal_tim.o(i.HAL_TIM_TriggerCallback)
    HAL_UART_ErrorCallback                   0x08001aa7   Thumb Code     2  stm32f1xx_hal_uart.o(i.HAL_UART_ErrorCallback)
    HAL_UART_IRQHandler                      0x08001aa9   Thumb Code   266  stm32f1xx_hal_uart.o(i.HAL_UART_IRQHandler)
    HAL_UART_Init                            0x08001bb9   Thumb Code    98  stm32f1xx_hal_uart.o(i.HAL_UART_Init)
    HAL_UART_MspInit                         0x08001c1d   Thumb Code   198  stm32f1xx_hal_msp.o(i.HAL_UART_MspInit)
    HAL_UART_Receive_IT                      0x08001cf5   Thumb Code    82  stm32f1xx_hal_uart.o(i.HAL_UART_Receive_IT)
    HAL_UART_RxCpltCallback                  0x08001d49   Thumb Code   138  main.o(i.HAL_UART_RxCpltCallback)
    HAL_UART_Transmit_IT                     0x08001de9   Thumb Code    62  stm32f1xx_hal_uart.o(i.HAL_UART_Transmit_IT)
    HAL_UART_TxCpltCallback                  0x08001e27   Thumb Code     2  stm32f1xx_hal_uart.o(i.HAL_UART_TxCpltCallback)
    HardFault_Handler                        0x08001e29   Thumb Code     2  stm32f1xx_it.o(i.HardFault_Handler)
    MemManage_Handler                        0x08002175   Thumb Code     2  stm32f1xx_it.o(i.MemManage_Handler)
    MoveBase                                 0x08002179   Thumb Code   158  main.o(i.MoveBase)
    NMI_Handler                              0x08002225   Thumb Code     2  stm32f1xx_it.o(i.NMI_Handler)
    PendSV_Handler                           0x08002227   Thumb Code     2  stm32f1xx_it.o(i.PendSV_Handler)
    SVC_Handler                              0x08002229   Thumb Code     2  stm32f1xx_it.o(i.SVC_Handler)
    SysTick_Handler                          0x0800222b   Thumb Code     4  stm32f1xx_it.o(i.SysTick_Handler)
    SystemClock_Config                       0x0800222f   Thumb Code    78  main.o(i.SystemClock_Config)
    SystemInit                               0x0800227d   Thumb Code    56  system_stm32f1xx.o(i.SystemInit)
    TIM4_IRQHandler                          0x080022c5   Thumb Code     6  stm32f1xx_it.o(i.TIM4_IRQHandler)
    TIM_Base_SetConfig                       0x080022d1   Thumb Code    94  stm32f1xx_hal_tim.o(i.TIM_Base_SetConfig)
    TIM_ETR_SetConfig                        0x0800233d   Thumb Code    20  stm32f1xx_hal_tim.o(i.TIM_ETR_SetConfig)
    USART1_IRQHandler                        0x08002585   Thumb Code     6  stm32f1xx_it.o(i.USART1_IRQHandler)
    USART2_IRQHandler                        0x08002591   Thumb Code     6  stm32f1xx_it.o(i.USART2_IRQHandler)
    UsageFault_Handler                       0x0800259d   Thumb Code     2  stm32f1xx_it.o(i.UsageFault_Handler)
    __0sprintf$1                             0x080025a1   Thumb Code    34  printf1.o(i.__0sprintf$1)
    __1sprintf$1                             0x080025a1   Thumb Code     0  printf1.o(i.__0sprintf$1)
    __2sprintf                               0x080025a1   Thumb Code     0  printf1.o(i.__0sprintf$1)
    __mathlib_narrow                         0x080025e9   Thumb Code    16  narrow.o(i.__mathlib_narrow)
    __mathlib_tofloat                        0x080025f9   Thumb Code   184  narrow.o(i.__mathlib_tofloat)
    __scatterload_copy                       0x080026b5   Thumb Code    14  handlers.o(i.__scatterload_copy)
    __scatterload_null                       0x080026c3   Thumb Code     2  handlers.o(i.__scatterload_null)
    __scatterload_zeroinit                   0x080026c5   Thumb Code    14  handlers.o(i.__scatterload_zeroinit)
    __set_errno                              0x080026d5   Thumb Code     6  errno.o(i.__set_errno)
    _is_digit                                0x080026e1   Thumb Code    14  scanf_fp.o(i._is_digit)
    checkData                                0x0800284f   Thumb Code    40  main.o(i.checkData)
    extractNumSigned                         0x08002879   Thumb Code    60  main.o(i.extractNumSigned)
    extractSpeedSigned                       0x080028b9   Thumb Code    52  main.o(i.extractSpeedSigned)
    frexp                                    0x080028ed   Thumb Code    80  frexp.o(i.frexp)
    main                                     0x08002945   Thumb Code   288  main.o(i.main)
    mapRange                                 0x08002a85   Thumb Code   164  main.o(i.mapRange)
    readJoyStick                             0x08002b2d   Thumb Code    74  main.o(i.readJoyStick)
    readSpeed                                0x08002b7d   Thumb Code    66  main.o(i.readSpeed)
    strtof                                   0x08002bc5   Thumb Code    20  strtof.o(i.strtof)
    AHBPrescTable                            0x08002be4   Data          16  system_stm32f1xx.o(.constdata)
    APBPrescTable                            0x08002bf4   Data           8  system_stm32f1xx.o(.constdata)
    __ctype_categories                       0x08002bfc   Data          64  ctype_c.o(.constdata)
    Region$$Table$$Base                      0x08002c3c   Number         0  anon$$obj.o(Region$$Table)
    Region$$Table$$Limit                     0x08002c5c   Number         0  anon$$obj.o(Region$$Table)
    rx_index                                 0x20000000   Data           1  main.o(.data)
    rx_index_j                               0x20000001   Data           1  main.o(.data)
    toggleDirection                          0x20000002   Data           1  main.o(.data)
    brake                                    0x20000003   Data           1  main.o(.data)
    state                                    0x20000004   Data           1  main.o(.data)
    recieveFlag                              0x20000005   Data           1  main.o(.data)
    recieveFlag_jetson                       0x20000006   Data           1  main.o(.data)
    rxData                                   0x20000007   Data           1  main.o(.data)
    rxData_j                                 0x20000008   Data           1  main.o(.data)
    rwheel_counter                           0x2000000c   Data           4  main.o(.data)
    lwheel_counter                           0x20000010   Data           4  main.o(.data)
    timer_hal                                0x20000014   Data           4  main.o(.data)
    nMotLeft                                 0x20000018   Data           4  main.o(.data)
    nMotRight                                0x2000001c   Data           4  main.o(.data)
    yEnd                                     0x20000020   Data           4  main.o(.data)
    lEnd                                     0x20000024   Data           4  main.o(.data)
    r_speed                                  0x20000028   Data           4  main.o(.data)
    l_speed                                  0x2000002c   Data           4  main.o(.data)
    diff                                     0x20000030   Data           4  main.o(.data)
    start_of_ride                            0x20000034   Data           4  main.o(.data)
    buffer1                                  0x20000038   Data           8  main.o(.data)
    buffer2                                  0x20000040   Data           8  main.o(.data)
    uwTickFreq                               0x20000048   Data           1  stm32f1xx_hal.o(.data)
    uwTickPrio                               0x2000004c   Data           4  stm32f1xx_hal.o(.data)
    uwTick                                   0x20000050   Data           4  stm32f1xx_hal.o(.data)
    SystemCoreClock                          0x20000054   Data           4  system_stm32f1xx.o(.data)
    bt_char                                  0x2000005c   Data          10  main.o(.bss)
    jet_char                                 0x20000066   Data          15  main.o(.bss)
    hi2c1                                    0x20000078   Data          84  main.o(.bss)
    hi2c2                                    0x200000cc   Data          84  main.o(.bss)
    htim4                                    0x20000120   Data          64  main.o(.bss)
    huart1                                   0x20000160   Data          64  main.o(.bss)
    huart2                                   0x200001a0   Data          64  main.o(.bss)
    hall_counter_buffer                      0x200001e0   Data          16  main.o(.bss)
    __initial_sp                             0x200005f0   Data           0  startup_stm32f103xb.o(STACK)



==============================================================================

Memory Map of the image

  Image Entry point : 0x080000ed

  Load Region LR_IROM1 (Base: 0x08000000, Size: 0x00002cb8, Max: 0x00010000, ABSOLUTE)

    Execution Region ER_IROM1 (Exec base: 0x08000000, Load base: 0x08000000, Size: 0x00002c5c, Max: 0x00010000, ABSOLUTE)

    Exec Addr    Load Addr    Size         Type   Attr      Idx    E Section Name        Object

    0x08000000   0x08000000   0x000000ec   Data   RO            3    RESET               startup_stm32f103xb.o
    0x080000ec   0x080000ec   0x00000000   Code   RO         3163  * .ARM.Collect$$$$00000000  mc_w.l(entry.o)
    0x080000ec   0x080000ec   0x00000004   Code   RO         3467    .ARM.Collect$$$$00000001  mc_w.l(entry2.o)
    0x080000f0   0x080000f0   0x00000004   Code   RO         3470    .ARM.Collect$$$$00000004  mc_w.l(entry5.o)
    0x080000f4   0x080000f4   0x00000000   Code   RO         3472    .ARM.Collect$$$$00000008  mc_w.l(entry7b.o)
    0x080000f4   0x080000f4   0x00000000   Code   RO         3474    .ARM.Collect$$$$0000000A  mc_w.l(entry8b.o)
    0x080000f4   0x080000f4   0x00000008   Code   RO         3475    .ARM.Collect$$$$0000000B  mc_w.l(entry9a.o)
    0x080000fc   0x080000fc   0x00000000   Code   RO         3477    .ARM.Collect$$$$0000000D  mc_w.l(entry10a.o)
    0x080000fc   0x080000fc   0x00000000   Code   RO         3479    .ARM.Collect$$$$0000000F  mc_w.l(entry11a.o)
    0x080000fc   0x080000fc   0x00000004   Code   RO         3468    .ARM.Collect$$$$00002712  mc_w.l(entry2.o)
    0x08000100   0x08000100   0x00000024   Code   RO            4    .text               startup_stm32f103xb.o
    0x08000124   0x08000124   0x00000020   Code   RO         3166    .text               mc_w.l(llushr.o)
    0x08000144   0x08000144   0x00000024   Code   RO         3168    .text               mc_w.l(memseta.o)
    0x08000168   0x08000168   0x000000de   Code   RO         3439    .text               mf_w.l(ddiv.o)
    0x08000246   0x08000246   0x00000012   Code   RO         3441    .text               mf_w.l(fflti.o)
    0x08000258   0x08000258   0x00000032   Code   RO         3445    .text               mf_w.l(ffixi.o)
    0x0800028a   0x0800028a   0x00000038   Code   RO         3449    .text               mf_w.l(d2f.o)
    0x080002c2   0x080002c2   0x0000002c   Code   RO         3484    .text               mc_w.l(uidiv.o)
    0x080002ee   0x080002ee   0x0000001a   Code   RO         3495    .text               mc_w.l(strtof.o)
    0x08000308   0x08000308   0x00000000   Code   RO         3497    .text               mc_w.l(iusefp.o)
    0x08000308   0x08000308   0x0000006e   Code   RO         3498    .text               mf_w.l(fepilogue.o)
    0x08000376   0x08000376   0x000000ba   Code   RO         3500    .text               mf_w.l(depilogue.o)
    0x08000430   0x08000430   0x000000e4   Code   RO         3504    .text               mf_w.l(dmul.o)
    0x08000514   0x08000514   0x0000002e   Code   RO         3506    .text               mf_w.l(dscalb.o)
    0x08000542   0x08000542   0x00000002   PAD
    0x08000544   0x08000544   0x00000030   Code   RO         3514    .text               mf_w.l(cdcmple.o)
    0x08000574   0x08000574   0x00000030   Code   RO         3516    .text               mf_w.l(cdrcmple.o)
    0x080005a4   0x080005a4   0x00000024   Code   RO         3524    .text               mc_w.l(init.o)
    0x080005c8   0x080005c8   0x0000001e   Code   RO         3527    .text               mc_w.l(llshl.o)
    0x080005e6   0x080005e6   0x00000002   PAD
    0x080005e8   0x080005e8   0x0000009c   Code   RO         3531    .text               mc_w.l(strtod.o)
    0x08000684   0x08000684   0x0000000a   Code   RO         3538    .text               mc_w.l(isspace_c.o)
    0x0800068e   0x0800068e   0x00000002   PAD
    0x08000690   0x08000690   0x00000360   Code   RO         3540    .text               mc_w.l(scanf_fp.o)
    0x080009f0   0x080009f0   0x00000040   Code   RO         3544    .text               mc_w.l(_sgetc.o)
    0x08000a30   0x08000a30   0x00000004   Code   RO         3546    .text               mf_w.l(fpstat.o)
    0x08000a34   0x08000a34   0x00000028   Code   RO         3548    .text               mc_w.l(ctype_c.o)
    0x08000a5c   0x08000a5c   0x00000018   Code   RO         3551    .text               mf_w.l(dfltul.o)
    0x08000a74   0x08000a74   0x00000002   Code   RO          251    i.BusFault_Handler  stm32f1xx_it.o
    0x08000a76   0x08000a76   0x00000002   Code   RO          252    i.DebugMon_Handler  stm32f1xx_it.o
    0x08000a78   0x08000a78   0x00000006   Code   RO          253    i.EXTI0_IRQHandler  stm32f1xx_it.o
    0x08000a7e   0x08000a7e   0x00000006   Code   RO          254    i.EXTI1_IRQHandler  stm32f1xx_it.o
    0x08000a84   0x08000a84   0x00000098   Code   RO         2509    i.HAL_DMA_Abort_IT  stm32f1xx_hal_dma.o
    0x08000b1c   0x08000b1c   0x00000024   Code   RO         2136    i.HAL_Delay         stm32f1xx_hal.o
    0x08000b40   0x08000b40   0x00000080   Code   RO           14    i.HAL_GPIO_EXTI_Callback  main.o
    0x08000bc0   0x08000bc0   0x00000018   Code   RO         2443    i.HAL_GPIO_EXTI_IRQHandler  stm32f1xx_hal_gpio.o
    0x08000bd8   0x08000bd8   0x000001e0   Code   RO         2444    i.HAL_GPIO_Init     stm32f1xx_hal_gpio.o
    0x08000db8   0x08000db8   0x0000000a   Code   RO         2446    i.HAL_GPIO_ReadPin  stm32f1xx_hal_gpio.o
    0x08000dc2   0x08000dc2   0x0000000a   Code   RO         2448    i.HAL_GPIO_WritePin  stm32f1xx_hal_gpio.o
    0x08000dcc   0x08000dcc   0x0000000c   Code   RO         2140    i.HAL_GetTick       stm32f1xx_hal.o
    0x08000dd8   0x08000dd8   0x00000174   Code   RO          464    i.HAL_I2C_Init      stm32f1xx_hal_i2c.o
    0x08000f4c   0x08000f4c   0x0000012c   Code   RO          477    i.HAL_I2C_Master_Transmit  stm32f1xx_hal_i2c.o
    0x08001078   0x08001078   0x00000098   Code   RO          358    i.HAL_I2C_MspInit   stm32f1xx_hal_msp.o
    0x08001110   0x08001110   0x00000010   Code   RO         2146    i.HAL_IncTick       stm32f1xx_hal.o
    0x08001120   0x08001120   0x00000024   Code   RO         2147    i.HAL_Init          stm32f1xx_hal.o
    0x08001144   0x08001144   0x00000040   Code   RO         2148    i.HAL_InitTick      stm32f1xx_hal.o
    0x08001184   0x08001184   0x0000003c   Code   RO          359    i.HAL_MspInit       stm32f1xx_hal_msp.o
    0x080011c0   0x080011c0   0x0000001a   Code   RO         2604    i.HAL_NVIC_EnableIRQ  stm32f1xx_hal_cortex.o
    0x080011da   0x080011da   0x00000002   PAD
    0x080011dc   0x080011dc   0x00000040   Code   RO         2610    i.HAL_NVIC_SetPriority  stm32f1xx_hal_cortex.o
    0x0800121c   0x0800121c   0x00000024   Code   RO         2611    i.HAL_NVIC_SetPriorityGrouping  stm32f1xx_hal_cortex.o
    0x08001240   0x08001240   0x0000012c   Code   RO         2304    i.HAL_RCC_ClockConfig  stm32f1xx_hal_rcc.o
    0x0800136c   0x0800136c   0x00000020   Code   RO         2311    i.HAL_RCC_GetPCLK1Freq  stm32f1xx_hal_rcc.o
    0x0800138c   0x0800138c   0x00000020   Code   RO         2312    i.HAL_RCC_GetPCLK2Freq  stm32f1xx_hal_rcc.o
    0x080013ac   0x080013ac   0x0000006c   Code   RO         2313    i.HAL_RCC_GetSysClockFreq  stm32f1xx_hal_rcc.o
    0x08001418   0x08001418   0x00000320   Code   RO         2316    i.HAL_RCC_OscConfig  stm32f1xx_hal_rcc.o
    0x08001738   0x08001738   0x00000028   Code   RO         2615    i.HAL_SYSTICK_Config  stm32f1xx_hal_cortex.o
    0x08001760   0x08001760   0x00000002   Code   RO         1552    i.HAL_TIMEx_BreakCallback  stm32f1xx_hal_tim_ex.o
    0x08001762   0x08001762   0x00000002   Code   RO         1553    i.HAL_TIMEx_CommutCallback  stm32f1xx_hal_tim_ex.o
    0x08001764   0x08001764   0x00000042   Code   RO         1570    i.HAL_TIMEx_MasterConfigSynchronization  stm32f1xx_hal_tim_ex.o
    0x080017a6   0x080017a6   0x00000036   Code   RO          877    i.HAL_TIM_Base_Init  stm32f1xx_hal_tim.o
    0x080017dc   0x080017dc   0x0000003c   Code   RO          361    i.HAL_TIM_Base_MspInit  stm32f1xx_hal_msp.o
    0x08001818   0x08001818   0x00000022   Code   RO          882    i.HAL_TIM_Base_Start_IT  stm32f1xx_hal_tim.o
    0x0800183a   0x0800183a   0x000000d6   Code   RO          886    i.HAL_TIM_ConfigClockSource  stm32f1xx_hal_tim.o
    0x08001910   0x08001910   0x00000002   Code   RO          906    i.HAL_TIM_IC_CaptureCallback  stm32f1xx_hal_tim.o
    0x08001912   0x08001912   0x00000166   Code   RO          920    i.HAL_TIM_IRQHandler  stm32f1xx_hal_tim.o
    0x08001a78   0x08001a78   0x00000002   Code   RO          923    i.HAL_TIM_OC_DelayElapsedCallback  stm32f1xx_hal_tim.o
    0x08001a7a   0x08001a7a   0x00000002   Code   RO          950    i.HAL_TIM_PWM_PulseFinishedCallback  stm32f1xx_hal_tim.o
    0x08001a7c   0x08001a7c   0x00000028   Code   RO           15    i.HAL_TIM_PeriodElapsedCallback  main.o
    0x08001aa4   0x08001aa4   0x00000002   Code   RO          963    i.HAL_TIM_TriggerCallback  stm32f1xx_hal_tim.o
    0x08001aa6   0x08001aa6   0x00000002   Code   RO         1824    i.HAL_UART_ErrorCallback  stm32f1xx_hal_uart.o
    0x08001aa8   0x08001aa8   0x00000110   Code   RO         1827    i.HAL_UART_IRQHandler  stm32f1xx_hal_uart.o
    0x08001bb8   0x08001bb8   0x00000062   Code   RO         1828    i.HAL_UART_Init     stm32f1xx_hal_uart.o
    0x08001c1a   0x08001c1a   0x00000002   PAD
    0x08001c1c   0x08001c1c   0x000000d8   Code   RO          363    i.HAL_UART_MspInit  stm32f1xx_hal_msp.o
    0x08001cf4   0x08001cf4   0x00000052   Code   RO         1833    i.HAL_UART_Receive_IT  stm32f1xx_hal_uart.o
    0x08001d46   0x08001d46   0x00000002   PAD
    0x08001d48   0x08001d48   0x000000a0   Code   RO           16    i.HAL_UART_RxCpltCallback  main.o
    0x08001de8   0x08001de8   0x0000003e   Code   RO         1838    i.HAL_UART_Transmit_IT  stm32f1xx_hal_uart.o
    0x08001e26   0x08001e26   0x00000002   Code   RO         1839    i.HAL_UART_TxCpltCallback  stm32f1xx_hal_uart.o
    0x08001e28   0x08001e28   0x00000002   Code   RO          255    i.HardFault_Handler  stm32f1xx_it.o
    0x08001e2a   0x08001e2a   0x0000002e   Code   RO          506    i.I2C_IsAcknowledgeFailed  stm32f1xx_hal_i2c.o
    0x08001e58   0x08001e58   0x00000088   Code   RO          510    i.I2C_MasterRequestWrite  stm32f1xx_hal_i2c.o
    0x08001ee0   0x08001ee0   0x0000004c   Code   RO          519    i.I2C_WaitOnBTFFlagUntilTimeout  stm32f1xx_hal_i2c.o
    0x08001f2c   0x08001f2c   0x00000068   Code   RO          520    i.I2C_WaitOnFlagUntilTimeout  stm32f1xx_hal_i2c.o
    0x08001f94   0x08001f94   0x00000096   Code   RO          521    i.I2C_WaitOnMasterAddressFlagUntilTimeout  stm32f1xx_hal_i2c.o
    0x0800202a   0x0800202a   0x0000004c   Code   RO          523    i.I2C_WaitOnTXEFlagUntilTimeout  stm32f1xx_hal_i2c.o
    0x08002076   0x08002076   0x00000002   PAD
    0x08002078   0x08002078   0x000000a8   Code   RO           17    i.MX_GPIO_Init      main.o
    0x08002120   0x08002120   0x00000054   Code   RO           18    i.MX_TIM4_Init      main.o
    0x08002174   0x08002174   0x00000002   Code   RO          256    i.MemManage_Handler  stm32f1xx_it.o
    0x08002176   0x08002176   0x00000002   PAD
    0x08002178   0x08002178   0x000000ac   Code   RO           19    i.MoveBase          main.o
    0x08002224   0x08002224   0x00000002   Code   RO          257    i.NMI_Handler       stm32f1xx_it.o
    0x08002226   0x08002226   0x00000002   Code   RO          258    i.PendSV_Handler    stm32f1xx_it.o
    0x08002228   0x08002228   0x00000002   Code   RO          259    i.SVC_Handler       stm32f1xx_it.o
    0x0800222a   0x0800222a   0x00000004   Code   RO          260    i.SysTick_Handler   stm32f1xx_it.o
    0x0800222e   0x0800222e   0x0000004e   Code   RO           20    i.SystemClock_Config  main.o
    0x0800227c   0x0800227c   0x00000048   Code   RO         3105    i.SystemInit        system_stm32f1xx.o
    0x080022c4   0x080022c4   0x0000000c   Code   RO          261    i.TIM4_IRQHandler   stm32f1xx_it.o
    0x080022d0   0x080022d0   0x0000006c   Code   RO          965    i.TIM_Base_SetConfig  stm32f1xx_hal_tim.o
    0x0800233c   0x0800233c   0x00000014   Code   RO          976    i.TIM_ETR_SetConfig  stm32f1xx_hal_tim.o
    0x08002350   0x08002350   0x00000010   Code   RO          977    i.TIM_ITRx_SetConfig  stm32f1xx_hal_tim.o
    0x08002360   0x08002360   0x00000022   Code   RO          983    i.TIM_TI1_ConfigInputStage  stm32f1xx_hal_tim.o
    0x08002382   0x08002382   0x00000024   Code   RO          985    i.TIM_TI2_ConfigInputStage  stm32f1xx_hal_tim.o
    0x080023a6   0x080023a6   0x00000010   Code   RO         1841    i.UART_DMAAbortOnError  stm32f1xx_hal_uart.o
    0x080023b6   0x080023b6   0x0000001c   Code   RO         1851    i.UART_EndRxTransfer  stm32f1xx_hal_uart.o
    0x080023d2   0x080023d2   0x00000096   Code   RO         1853    i.UART_Receive_IT   stm32f1xx_hal_uart.o
    0x08002468   0x08002468   0x000000b8   Code   RO         1854    i.UART_SetConfig    stm32f1xx_hal_uart.o
    0x08002520   0x08002520   0x00000062   Code   RO         1855    i.UART_Transmit_IT  stm32f1xx_hal_uart.o
    0x08002582   0x08002582   0x00000002   PAD
    0x08002584   0x08002584   0x0000000c   Code   RO          262    i.USART1_IRQHandler  stm32f1xx_it.o
    0x08002590   0x08002590   0x0000000c   Code   RO          263    i.USART2_IRQHandler  stm32f1xx_it.o
    0x0800259c   0x0800259c   0x00000002   Code   RO          264    i.UsageFault_Handler  stm32f1xx_it.o
    0x0800259e   0x0800259e   0x00000002   PAD
    0x080025a0   0x080025a0   0x00000028   Code   RO         3217    i.__0sprintf$1      mc_w.l(printf1.o)
    0x080025c8   0x080025c8   0x00000020   Code   RO         2617    i.__NVIC_SetPriority  stm32f1xx_hal_cortex.o
    0x080025e8   0x080025e8   0x00000010   Code   RO         3518    i.__mathlib_narrow  m_ws.l(narrow.o)
    0x080025f8   0x080025f8   0x000000bc   Code   RO         3519    i.__mathlib_tofloat  m_ws.l(narrow.o)
    0x080026b4   0x080026b4   0x0000000e   Code   RO         3555    i.__scatterload_copy  mc_w.l(handlers.o)
    0x080026c2   0x080026c2   0x00000002   Code   RO         3556    i.__scatterload_null  mc_w.l(handlers.o)
    0x080026c4   0x080026c4   0x0000000e   Code   RO         3557    i.__scatterload_zeroinit  mc_w.l(handlers.o)
    0x080026d2   0x080026d2   0x00000002   PAD
    0x080026d4   0x080026d4   0x0000000c   Code   RO         3490    i.__set_errno       mc_w.l(errno.o)
    0x080026e0   0x080026e0   0x0000000e   Code   RO         3542    i._is_digit         mc_w.l(scanf_fp.o)
    0x080026ee   0x080026ee   0x00000002   PAD
    0x080026f0   0x080026f0   0x00000154   Code   RO         3222    i._printf_core      mc_w.l(printf1.o)
    0x08002844   0x08002844   0x0000000a   Code   RO         3224    i._sputc            mc_w.l(printf1.o)
    0x0800284e   0x0800284e   0x00000028   Code   RO           21    i.checkData         main.o
    0x08002876   0x08002876   0x00000002   PAD
    0x08002878   0x08002878   0x00000040   Code   RO           23    i.extractNumSigned  main.o
    0x080028b8   0x080028b8   0x00000034   Code   RO           24    i.extractSpeedSigned  main.o
    0x080028ec   0x080028ec   0x00000058   Code   RO         3535    i.frexp             m_ws.l(frexp.o)
    0x08002944   0x08002944   0x00000140   Code   RO           26    i.main              main.o
    0x08002a84   0x08002a84   0x000000a8   Code   RO           28    i.mapRange          main.o
    0x08002b2c   0x08002b2c   0x00000050   Code   RO           29    i.readJoyStick      main.o
    0x08002b7c   0x08002b7c   0x00000048   Code   RO           30    i.readSpeed         main.o
    0x08002bc4   0x08002bc4   0x00000014   Code   RO         3160    i.strtof            m_ws.l(strtof.o)
    0x08002bd8   0x08002bd8   0x0000000c   Data   RO           32    .constdata          main.o
    0x08002be4   0x08002be4   0x00000010   Data   RO         3106    .constdata          system_stm32f1xx.o
    0x08002bf4   0x08002bf4   0x00000008   Data   RO         3107    .constdata          system_stm32f1xx.o
    0x08002bfc   0x08002bfc   0x00000040   Data   RO         3549    .constdata          mc_w.l(ctype_c.o)
    0x08002c3c   0x08002c3c   0x00000020   Data   RO         3553    Region$$Table       anon$$obj.o


    Execution Region RW_IRAM1 (Exec base: 0x20000000, Load base: 0x08002c5c, Size: 0x000005f0, Max: 0x00005000, ABSOLUTE)

    Exec Addr    Load Addr    Size         Type   Attr      Idx    E Section Name        Object

    0x20000000   0x08002c5c   0x00000048   Data   RW           33    .data               main.o
    0x20000048   0x08002ca4   0x0000000c   Data   RW         2154    .data               stm32f1xx_hal.o
    0x20000054   0x08002cb0   0x00000004   Data   RW         3108    .data               system_stm32f1xx.o
    0x20000058   0x08002cb4   0x00000004   Data   RW         3491    .data               mc_w.l(errno.o)
    0x2000005c        -       0x00000194   Zero   RW           31    .bss                main.o
    0x200001f0        -       0x00000400   Zero   RW            1    STACK               startup_stm32f103xb.o


==============================================================================

Image component sizes


      Code (inc. data)   RO Data    RW Data    ZI Data      Debug   Object Name

      1626        142         12         72        404     441172   main.o
        36          8        236          0       1024        828   startup_stm32f103xb.o
       164         28          0         12          0       6105   stm32f1xx_hal.o
       198         14          0          0          0      29103   stm32f1xx_hal_cortex.o
       152          4          0          0          0       1155   stm32f1xx_hal_dma.o
       524         40          0          0          0       4242   stm32f1xx_hal_gpio.o
      1260         30          0          0          0       8913   stm32f1xx_hal_i2c.o
       488         54          0          0          0       3186   stm32f1xx_hal_msp.o
      1272        100          0          0          0       5356   stm32f1xx_hal_rcc.o
       882         14          0          0          0       9929   stm32f1xx_hal_tim.o
        70          0          0          0          0       2461   stm32f1xx_hal_tim_ex.o
       994         12          0          0          0       8370   stm32f1xx_hal_uart.o
        68         18          0          0          0       6290   stm32f1xx_it.o
        72         16         24          4          0       1235   system_stm32f1xx.o

    ----------------------------------------------------------------------
      7822        480        304         88       1428     528345   Object Totals
         0          0         32          0          0          0   (incl. Generated)
        16          0          0          0          0          0   (incl. Padding)

    ----------------------------------------------------------------------

      Code (inc. data)   RO Data    RW Data    ZI Data      Debug   Library Member Name

        88          8          0          0          0         76   frexp.o
       204          4          0          0          0        168   narrow.o
        20          0          0          0          0         76   strtof.o
        64          0          0          0          0         84   _sgetc.o
        40          6         64          0          0         68   ctype_c.o
         0          0          0          0          0          0   entry.o
         0          0          0          0          0          0   entry10a.o
         0          0          0          0          0          0   entry11a.o
         8          4          0          0          0          0   entry2.o
         4          0          0          0          0          0   entry5.o
         0          0          0          0          0          0   entry7b.o
         0          0          0          0          0          0   entry8b.o
         8          4          0          0          0          0   entry9a.o
        12          6          0          4          0         68   errno.o
        30          0          0          0          0          0   handlers.o
        36          8          0          0          0         68   init.o
        10          0          0          0          0         68   isspace_c.o
         0          0          0          0          0          0   iusefp.o
        30          0          0          0          0         68   llshl.o
        32          0          0          0          0         68   llushr.o
        36          0          0          0          0        108   memseta.o
       390         10          0          0          0        252   printf1.o
       878         12          0          0          0        216   scanf_fp.o
       156         12          0          0          0        120   strtod.o
        26          0          0          0          0         80   strtof.o
        44          0          0          0          0         80   uidiv.o
        48          0          0          0          0         68   cdcmple.o
        48          0          0          0          0         68   cdrcmple.o
        56          0          0          0          0         88   d2f.o
       222          0          0          0          0        100   ddiv.o
       186          0          0          0          0        176   depilogue.o
        24          0          0          0          0         76   dfltul.o
       228          0          0          0          0         96   dmul.o
        46          0          0          0          0         80   dscalb.o
       110          0          0          0          0        168   fepilogue.o
        50          0          0          0          0         68   ffixi.o
        18          0          0          0          0         68   fflti.o
         4          0          0          0          0         68   fpstat.o

    ----------------------------------------------------------------------
      3166         74         64          4          0       2792   Library Totals
        10          0          0          0          0          0   (incl. Padding)

    ----------------------------------------------------------------------

      Code (inc. data)   RO Data    RW Data    ZI Data      Debug   Library Name

       312         12          0          0          0        320   m_ws.l
      1804         62         64          4          0       1348   mc_w.l
      1040          0          0          0          0       1124   mf_w.l

    ----------------------------------------------------------------------
      3166         74         64          4          0       2792   Library Totals

    ----------------------------------------------------------------------

==============================================================================


      Code (inc. data)   RO Data    RW Data    ZI Data      Debug   

     10988        554        368         92       1428     525309   Grand Totals
     10988        554        368         92       1428     525309   ELF Image Totals
     10988        554        368         92          0          0   ROM Totals

==============================================================================

    Total RO  Size (Code + RO Data)                11356 (  11.09kB)
    Total RW  Size (RW Data + ZI Data)              1520 (   1.48kB)
    Total ROM Size (Code + RO Data + RW Data)      11448 (  11.18kB)

==============================================================================

